Archive member included to satisfy reference by file (symbol)

c:/gcc-arm-none-eabi-10-2020-q4-major/bin/../lib/gcc/arm-none-eabi/10.2.1/thumb/v7-m/nofp\libgcc.a(_arm_mulsf3.o)
                              CMakeFiles/SkyFCS.elf.dir/Core/Src/ICM42688P.c.obj (__aeabi_fmul)
c:/gcc-arm-none-eabi-10-2020-q4-major/bin/../lib/gcc/arm-none-eabi/10.2.1/thumb/v7-m/nofp\libgcc.a(_arm_addsubdf3.o)
                              CMakeFiles/SkyFCS.elf.dir/Core/Src/main.c.obj (__aeabi_f2d)
c:/gcc-arm-none-eabi-10-2020-q4-major/bin/../lib/gcc/arm-none-eabi/10.2.1/thumb/v7-m/nofp\libgcc.a(_arm_addsubsf3.o)
                              CMakeFiles/SkyFCS.elf.dir/Core/Src/ICM42688P.c.obj (__aeabi_fadd)
c:/gcc-arm-none-eabi-10-2020-q4-major/bin/../lib/gcc/arm-none-eabi/10.2.1/thumb/v7-m/nofp\libgcc.a(_arm_muldivsf3.o)
                              CMakeFiles/SkyFCS.elf.dir/Core/Src/ICM42688P.c.obj (__aeabi_fdiv)
c:/gcc-arm-none-eabi-10-2020-q4-major/bin/../lib/gcc/arm-none-eabi/10.2.1/../../../../arm-none-eabi/lib/thumb/v7-m/nofp\libg.a(lib_a-errno.o)
                              CMakeFiles/SkyFCS.elf.dir/Core/Src/syscalls.c.obj (__errno)
c:/gcc-arm-none-eabi-10-2020-q4-major/bin/../lib/gcc/arm-none-eabi/10.2.1/../../../../arm-none-eabi/lib/thumb/v7-m/nofp\libg.a(lib_a-exit.o)
                              c:/gcc-arm-none-eabi-10-2020-q4-major/bin/../lib/gcc/arm-none-eabi/10.2.1/../../../../arm-none-eabi/lib/thumb/v7-m/nofp/crt0.o (exit)
c:/gcc-arm-none-eabi-10-2020-q4-major/bin/../lib/gcc/arm-none-eabi/10.2.1/../../../../arm-none-eabi/lib/thumb/v7-m/nofp\libg.a(lib_a-impure.o)
                              c:/gcc-arm-none-eabi-10-2020-q4-major/bin/../lib/gcc/arm-none-eabi/10.2.1/../../../../arm-none-eabi/lib/thumb/v7-m/nofp\libg.a(lib_a-exit.o) (_global_impure_ptr)
c:/gcc-arm-none-eabi-10-2020-q4-major/bin/../lib/gcc/arm-none-eabi/10.2.1/../../../../arm-none-eabi/lib/thumb/v7-m/nofp\libg.a(lib_a-init.o)
                              c:/gcc-arm-none-eabi-10-2020-q4-major/bin/../lib/gcc/arm-none-eabi/10.2.1/../../../../arm-none-eabi/lib/thumb/v7-m/nofp/crt0.o (__libc_init_array)
c:/gcc-arm-none-eabi-10-2020-q4-major/bin/../lib/gcc/arm-none-eabi/10.2.1/../../../../arm-none-eabi/lib/thumb/v7-m/nofp\libg.a(lib_a-memset.o)
                              c:/gcc-arm-none-eabi-10-2020-q4-major/bin/../lib/gcc/arm-none-eabi/10.2.1/../../../../arm-none-eabi/lib/thumb/v7-m/nofp/crt0.o (memset)
c:/gcc-arm-none-eabi-10-2020-q4-major/bin/../lib/gcc/arm-none-eabi/10.2.1/../../../../arm-none-eabi/lib/thumb/v7-m/nofp\libg.a(lib_a-printf.o)
                              CMakeFiles/SkyFCS.elf.dir/Core/Src/main.c.obj (printf)
c:/gcc-arm-none-eabi-10-2020-q4-major/bin/../lib/gcc/arm-none-eabi/10.2.1/../../../../arm-none-eabi/lib/thumb/v7-m/nofp\libg.a(lib_a-vfprintf.o)
                              c:/gcc-arm-none-eabi-10-2020-q4-major/bin/../lib/gcc/arm-none-eabi/10.2.1/../../../../arm-none-eabi/lib/thumb/v7-m/nofp\libg.a(lib_a-printf.o) (_vfprintf_r)
c:/gcc-arm-none-eabi-10-2020-q4-major/bin/../lib/gcc/arm-none-eabi/10.2.1/../../../../arm-none-eabi/lib/thumb/v7-m/nofp\libg.a(lib_a-wsetup.o)
                              c:/gcc-arm-none-eabi-10-2020-q4-major/bin/../lib/gcc/arm-none-eabi/10.2.1/../../../../arm-none-eabi/lib/thumb/v7-m/nofp\libg.a(lib_a-vfprintf.o) (__swsetup_r)
c:/gcc-arm-none-eabi-10-2020-q4-major/bin/../lib/gcc/arm-none-eabi/10.2.1/../../../../arm-none-eabi/lib/thumb/v7-m/nofp\libg.a(lib_a-__call_atexit.o)
                              c:/gcc-arm-none-eabi-10-2020-q4-major/bin/../lib/gcc/arm-none-eabi/10.2.1/../../../../arm-none-eabi/lib/thumb/v7-m/nofp\libg.a(lib_a-exit.o) (__call_exitprocs)
c:/gcc-arm-none-eabi-10-2020-q4-major/bin/../lib/gcc/arm-none-eabi/10.2.1/../../../../arm-none-eabi/lib/thumb/v7-m/nofp\libg.a(lib_a-atexit.o)
                              c:/gcc-arm-none-eabi-10-2020-q4-major/bin/../lib/gcc/arm-none-eabi/10.2.1/../../../../arm-none-eabi/lib/thumb/v7-m/nofp\libg.a(lib_a-__call_atexit.o) (atexit)
c:/gcc-arm-none-eabi-10-2020-q4-major/bin/../lib/gcc/arm-none-eabi/10.2.1/../../../../arm-none-eabi/lib/thumb/v7-m/nofp\libg.a(lib_a-dtoa.o)
                              c:/gcc-arm-none-eabi-10-2020-q4-major/bin/../lib/gcc/arm-none-eabi/10.2.1/../../../../arm-none-eabi/lib/thumb/v7-m/nofp\libg.a(lib_a-vfprintf.o) (_dtoa_r)
c:/gcc-arm-none-eabi-10-2020-q4-major/bin/../lib/gcc/arm-none-eabi/10.2.1/../../../../arm-none-eabi/lib/thumb/v7-m/nofp\libg.a(lib_a-fflush.o)
                              c:/gcc-arm-none-eabi-10-2020-q4-major/bin/../lib/gcc/arm-none-eabi/10.2.1/../../../../arm-none-eabi/lib/thumb/v7-m/nofp\libg.a(lib_a-vfprintf.o) (_fflush_r)
c:/gcc-arm-none-eabi-10-2020-q4-major/bin/../lib/gcc/arm-none-eabi/10.2.1/../../../../arm-none-eabi/lib/thumb/v7-m/nofp\libg.a(lib_a-findfp.o)
                              c:/gcc-arm-none-eabi-10-2020-q4-major/bin/../lib/gcc/arm-none-eabi/10.2.1/../../../../arm-none-eabi/lib/thumb/v7-m/nofp\libg.a(lib_a-vfprintf.o) (__sinit)
[...]
Memory Configuration

Name             Origin             Length             Attributes
RAM              0x20000000         0x00005000         xrw
FLASH            0x08000000         0x00010000         xr
*default*        0x00000000         0xffffffff

Linker script and memory map

LOAD c:/gcc-arm-none-eabi-10-2020-q4-major/bin/../lib/gcc/arm-none-eabi/10.2.1/thumb/v7-m/nofp/crti.o
LOAD c:/gcc-arm-none-eabi-10-2020-q4-major/bin/../lib/gcc/arm-none-eabi/10.2.1/thumb/v7-m/nofp/crtbegin.o
LOAD c:/gcc-arm-none-eabi-10-2020-q4-major/bin/../lib/gcc/arm-none-eabi/10.2.1/../../../../arm-none-eabi/lib/thumb/v7-m/nofp/crt0.o
LOAD CMakeFiles/SkyFCS.elf.dir/Core/Src/ICM42688P.c.obj
LOAD CMakeFiles/SkyFCS.elf.dir/Core/Src/gpio.c.obj
LOAD CMakeFiles/SkyFCS.elf.dir/Core/Src/main.c.obj
LOAD CMakeFiles/SkyFCS.elf.dir/Core/Src/spi.c.obj
LOAD CMakeFiles/SkyFCS.elf.dir/Core/Src/stm32f1xx_hal_msp.c.obj
LOAD CMakeFiles/SkyFCS.elf.dir/Core/Src/stm32f1xx_it.c.obj
LOAD CMakeFiles/SkyFCS.elf.dir/Core/Src/syscalls.c.obj
LOAD CMakeFiles/SkyFCS.elf.dir/Core/Src/sysmem.c.obj
LOAD CMakeFiles/SkyFCS.elf.dir/Core/Src/system_stm32f1xx.c.obj
LOAD CMakeFiles/SkyFCS.elf.dir/Core/Src/tim.c.obj
LOAD CMakeFiles/SkyFCS.elf.dir/Core/Src/usart.c.obj
LOAD CMakeFiles/SkyFCS.elf.dir/Core/Startup/startup_stm32f103c8tx.s.obj
LOAD CMakeFiles/SkyFCS.elf.dir/Drivers/STM32F1xx_HAL_Driver/Src/stm32f1xx_hal.c.obj
LOAD CMakeFiles/SkyFCS.elf.dir/Drivers/STM32F1xx_HAL_Driver/Src/stm32f1xx_hal_cortex.c.obj
LOAD CMakeFiles/SkyFCS.elf.dir/Drivers/STM32F1xx_HAL_Driver/Src/stm32f1xx_hal_dma.c.obj
LOAD CMakeFiles/SkyFCS.elf.dir/Drivers/STM32F1xx_HAL_Driver/Src/stm32f1xx_hal_exti.c.obj
LOAD CMakeFiles/SkyFCS.elf.dir/Drivers/STM32F1xx_HAL_Driver/Src/stm32f1xx_hal_flash.c.obj
LOAD CMakeFiles/SkyFCS.elf.dir/Drivers/STM32F1xx_HAL_Driver/Src/stm32f1xx_hal_flash_ex.c.obj
LOAD CMakeFiles/SkyFCS.elf.dir/Drivers/STM32F1xx_HAL_Driver/Src/stm32f1xx_hal_gpio.c.obj
LOAD CMakeFiles/SkyFCS.elf.dir/Drivers/STM32F1xx_HAL_Driver/Src/stm32f1xx_hal_gpio_ex.c.obj
LOAD CMakeFiles/SkyFCS.elf.dir/Drivers/STM32F1xx_HAL_Driver/Src/stm32f1xx_hal_pwr.c.obj
LOAD CMakeFiles/SkyFCS.elf.dir/Drivers/STM32F1xx_HAL_Driver/Src/stm32f1xx_hal_rcc.c.obj
LOAD CMakeFiles/SkyFCS.elf.dir/Drivers/STM32F1xx_HAL_Driver/Src/stm32f1xx_hal_rcc_ex.c.obj
LOAD CMakeFiles/SkyFCS.elf.dir/Drivers/STM32F1xx_HAL_Driver/Src/stm32f1xx_hal_spi.c.obj
LOAD CMakeFiles/SkyFCS.elf.dir/Drivers/STM32F1xx_HAL_Driver/Src/stm32f1xx_hal_tim.c.obj
LOAD CMakeFiles/SkyFCS.elf.dir/Drivers/STM32F1xx_HAL_Driver/Src/stm32f1xx_hal_tim_ex.c.obj
LOAD CMakeFiles/SkyFCS.elf.dir/Drivers/STM32F1xx_HAL_Driver/Src/stm32f1xx_hal_uart.c.obj
START GROUP
LOAD c:/gcc-arm-none-eabi-10-2020-q4-major/bin/../lib/gcc/arm-none-eabi/10.2.1/thumb/v7-m/nofp\libgcc.a
LOAD c:/gcc-arm-none-eabi-10-2020-q4-major/bin/../lib/gcc/arm-none-eabi/10.2.1/../../../../arm-none-eabi/lib/thumb/v7-m/nofp\libg.a
LOAD c:/gcc-arm-none-eabi-10-2020-q4-major/bin/../lib/gcc/arm-none-eabi/10.2.1/../../../../arm-none-eabi/lib/thumb/v7-m/nofp\libc.a
END GROUP
LOAD c:/gcc-arm-none-eabi-10-2020-q4-major/bin/../lib/gcc/arm-none-eabi/10.2.1/thumb/v7-m/nofp/crtend.o
LOAD c:/gcc-arm-none-eabi-10-2020-q4-major/bin/../lib/gcc/arm-none-eabi/10.2.1/thumb/v7-m/nofp/crtn.o
                0x20005000                _estack = (ORIGIN (RAM) + LENGTH (RAM))
                0x00000200                _Min_Heap_Size = 0x200
                0x00000400                _Min_Stack_Size = 0x400

.isr_vector     0x08000000      0x10c
                0x08000000                . = ALIGN (0x4)
 *(.isr_vector)
 .isr_vector    0x08000000      0x10c CMakeFiles/SkyFCS.elf.dir/Core/Startup/startup_stm32f103c8tx.s.obj
                0x08000000                g_pfnVectors
                0x0800010c                . = ALIGN (0x4)

.text           0x08000110     0x9150
                0x08000110                . = ALIGN (0x4)
 *(.text)
 .text          0x08000110       0x40 c:/gcc-arm-none-eabi-10-2020-q4-major/bin/../lib/gcc/arm-none-eabi/10.2.1/thumb/v7-m/nofp/crtbegin.o
 .text          0x08000150      0x378 c:/gcc-arm-none-eabi-10-2020-q4-major/bin/../lib/gcc/arm-none-eabi/10.2.1/thumb/v7-m/nofp\libgcc.a(_arm_addsubdf3.o)
                0x08000150                __aeabi_drsub
                0x08000158                __aeabi_dsub
                0x08000158                __subdf3
                0x0800015c                __aeabi_dadd
                0x0800015c                __adddf3
                0x080003d4                __floatunsidf
                0x080003d4                __aeabi_ui2d
                0x080003f4                __floatsidf
                0x080003f4                __aeabi_i2d
                0x08000418                __aeabi_f2d
                0x08000418                __extendsfdf2
                0x0800045c                __floatundidf
                0x0800045c                __aeabi_ul2d
                0x0800046c                __floatdidf
                0x0800046c                __aeabi_l2d
 .text          0x080004c8      0x21c c:/gcc-arm-none-eabi-10-2020-q4-major/bin/../lib/gcc/arm-none-eabi/10.2.1/thumb/v7-m/nofp\libgcc.a(_arm_addsubsf3.o)
                0x080004c8                __aeabi_frsub
                0x080004d0                __subsf3
                0x080004d0                __aeabi_fsub
                0x080004d4                __aeabi_fadd
                0x080004d4                __addsf3
                0x08000634                __aeabi_ui2f
                0x08000634                __floatunsisf
                0x0800063c                __aeabi_i2f
                0x0800063c                __floatsisf
                0x08000658                __aeabi_ul2f
                0x08000658                __floatundisf
                0x08000668                __aeabi_l2f
                0x08000668                __floatdisf
 .text          0x080006e4      0x2a0 c:/gcc-arm-none-eabi-10-2020-q4-major/bin/../lib/gcc/arm-none-eabi/10.2.1/thumb/v7-m/nofp\libgcc.a(_arm_muldivsf3.o)
                0x080006e4                __mulsf3
                0x080006e4                __aeabi_fmul
                0x0800084c                __aeabi_fdiv
                0x0800084c                __divsf3
 .text          0x08000984       0xec c:/gcc-arm-none-eabi-10-2020-q4-major/bin/../lib/gcc/arm-none-eabi/10.2.1/../../../../arm-none-eabi/lib/thumb/v7-m/nofp\libg.a(lib_a-memcpy.o)
                0x08000984                memcpy
 .text          0x08000a70      0x424 c:/gcc-arm-none-eabi-10-2020-q4-major/bin/../lib/gcc/arm-none-eabi/10.2.1/thumb/v7-m/nofp\libgcc.a(_arm_muldivdf3.o)
                0x08000a70                __aeabi_dmul
                0x08000a70                __muldf3
                0x08000cc4                __divdf3
                0x08000cc4                __aeabi_ddiv
 .text          0x08000e94      0x110 c:/gcc-arm-none-eabi-10-2020-q4-major/bin/../lib/gcc/arm-none-eabi/10.2.1/thumb/v7-m/nofp\libgcc.a(_arm_cmpdf2.o)
                0x08000e94                __gtdf2
                0x08000e94                __gedf2
                0x08000e9c                __ltdf2
                0x08000e9c                __ledf2
                0x08000ea4                __nedf2
                0x08000ea4                __eqdf2
                0x08000ea4                __cmpdf2
                0x08000f20                __aeabi_cdrcmple
                0x08000f30                __aeabi_cdcmpeq
                0x08000f30                __aeabi_cdcmple
                0x08000f40                __aeabi_dcmpeq
                0x08000f54                __aeabi_dcmplt
                0x08000f68                __aeabi_dcmple
                0x08000f7c                __aeabi_dcmpge
                0x08000f90                __aeabi_dcmpgt
 .text          0x08000fa4       0x2c c:/gcc-arm-none-eabi-10-2020-q4-major/bin/../lib/gcc/arm-none-eabi/10.2.1/thumb/v7-m/nofp\libgcc.a(_arm_unorddf2.o)
                0x08000fa4                __unorddf2
                0x08000fa4                __aeabi_dcmpun
 .text          0x08000fd0       0x50 c:/gcc-arm-none-eabi-10-2020-q4-major/bin/../lib/gcc/arm-none-eabi/10.2.1/thumb/v7-m/nofp\libgcc.a(_arm_fixdfsi.o)
                0x08000fd0                __aeabi_d2iz
                0x08000fd0                __fixdfsi
 .text          0x08001020       0x30 c:/gcc-arm-none-eabi-10-2020-q4-major/bin/../lib/gcc/arm-none-eabi/10.2.1/thumb/v7-m/nofp\libgcc.a(_aeabi_uldivmod.o)
                0x08001020                __aeabi_uldivmod
 .text          0x08001050      0x2d4 c:/gcc-arm-none-eabi-10-2020-q4-major/bin/../lib/gcc/arm-none-eabi/10.2.1/thumb/v7-m/nofp\libgcc.a(_udivmoddi4.o)
                0x08001050                __udivmoddi4
 .text          0x08001324        0x4 c:/gcc-arm-none-eabi-10-2020-q4-major/bin/../lib/gcc/arm-none-eabi/10.2.1/thumb/v7-m/nofp\libgcc.a(_dvmd_tls.o)
                0x08001324                __aeabi_idiv0
                0x08001324                __aeabi_ldiv0
 *(.text*)
 .text.ICM42688_WriteRegister
                0x08001328       0x40 CMakeFiles/SkyFCS.elf.dir/Core/Src/ICM42688P.c.obj
                0x08001328                ICM42688_WriteRegister
 .text.ICM42688_ReadRegister
                0x08001368       0x4c CMakeFiles/SkyFCS.elf.dir/Core/Src/ICM42688P.c.obj
                0x08001368                ICM42688_ReadRegister
 .text.ICM42688_Init
                0x080013b4       0x44 CMakeFiles/SkyFCS.elf.dir/Core/Src/ICM42688P.c.obj
                0x080013b4                ICM42688_Init
 .text.ReadSensorData
                0x080013f8       0x80 CMakeFiles/SkyFCS.elf.dir/Core/Src/ICM42688P.c.obj
                0x080013f8                ReadSensorData
 .text.ConvertRawData
                0x08001478       0x50 CMakeFiles/SkyFCS.elf.dir/Core/Src/ICM42688P.c.obj
                0x08001478                ConvertRawData
 .text.ICM42688_ReadTemperature
                0x080014c8       0x30 CMakeFiles/SkyFCS.elf.dir/Core/Src/ICM42688P.c.obj
                0x080014c8                ICM42688_ReadTemperature
 .text.MX_GPIO_Init
                0x080014f8       0xb4 CMakeFiles/SkyFCS.elf.dir/Core/Src/gpio.c.obj
                0x080014f8                MX_GPIO_Init
 .text.Get_Global_Time_us
                0x080015ac       0x24 CMakeFiles/SkyFCS.elf.dir/Core/Src/main.c.obj
                0x080015ac                Get_Global_Time_us
 .text.__io_putchar
                0x080015d0       0x20 CMakeFiles/SkyFCS.elf.dir/Core/Src/main.c.obj
                0x080015d0                __io_putchar
 .text.LedFlash
                0x080015f0       0x40 CMakeFiles/SkyFCS.elf.dir/Core/Src/main.c.obj
                0x080015f0                LedFlash
 .text.HAL_TIM_PeriodElapsedCallback
                0x08001630       0x1c CMakeFiles/SkyFCS.elf.dir/Core/Src/main.c.obj
                0x08001630                HAL_TIM_PeriodElapsedCallback
 .text.Error_Handler
                0x0800164c        0x4 CMakeFiles/SkyFCS.elf.dir/Core/Src/main.c.obj
                0x0800164c                Error_Handler
 .text.SystemClock_Config
                0x08001650       0x64 CMakeFiles/SkyFCS.elf.dir/Core/Src/main.c.obj
                0x08001650                SystemClock_Config
 .text.main     0x080016b4       0xa0 CMakeFiles/SkyFCS.elf.dir/Core/Src/main.c.obj
                0x080016b4                main
 .text.MX_SPI1_Init
                0x08001754       0x44 CMakeFiles/SkyFCS.elf.dir/Core/Src/spi.c.obj
                0x08001754                MX_SPI1_Init
 .text.HAL_SPI_MspInit
                0x08001798       0x74 CMakeFiles/SkyFCS.elf.dir/Core/Src/spi.c.obj
                0x08001798                HAL_SPI_MspInit
 .text.HAL_MspInit
                0x0800180c       0x44 CMakeFiles/SkyFCS.elf.dir/Core/Src/stm32f1xx_hal_msp.c.obj
                0x0800180c                HAL_MspInit
 .text.NMI_Handler
                0x08001850        0x2 CMakeFiles/SkyFCS.elf.dir/Core/Src/stm32f1xx_it.c.obj
                0x08001850                NMI_Handler
 .text.HardFault_Handler
                0x08001852        0x2 CMakeFiles/SkyFCS.elf.dir/Core/Src/stm32f1xx_it.c.obj
                0x08001852                HardFault_Handler
 .text.MemManage_Handler
                0x08001854        0x2 CMakeFiles/SkyFCS.elf.dir/Core/Src/stm32f1xx_it.c.obj
                0x08001854                MemManage_Handler
 .text.BusFault_Handler
                0x08001856        0x2 CMakeFiles/SkyFCS.elf.dir/Core/Src/stm32f1xx_it.c.obj
                0x08001856                BusFault_Handler
 .text.UsageFault_Handler
                0x08001858        0x2 CMakeFiles/SkyFCS.elf.dir/Core/Src/stm32f1xx_it.c.obj
                0x08001858                UsageFault_Handler
 .text.SVC_Handler
                0x0800185a        0x2 CMakeFiles/SkyFCS.elf.dir/Core/Src/stm32f1xx_it.c.obj
                0x0800185a                SVC_Handler
 .text.DebugMon_Handler
                0x0800185c        0x2 CMakeFiles/SkyFCS.elf.dir/Core/Src/stm32f1xx_it.c.obj
                0x0800185c                DebugMon_Handler
 .text.PendSV_Handler
                0x0800185e        0x2 CMakeFiles/SkyFCS.elf.dir/Core/Src/stm32f1xx_it.c.obj
                0x0800185e                PendSV_Handler
 .text.SysTick_Handler
                0x08001860        0x8 CMakeFiles/SkyFCS.elf.dir/Core/Src/stm32f1xx_it.c.obj
                0x08001860                SysTick_Handler
 .text.TIM4_IRQHandler
                0x08001868       0x10 CMakeFiles/SkyFCS.elf.dir/Core/Src/stm32f1xx_it.c.obj
                0x08001868                TIM4_IRQHandler
 .text._getpid  0x08001878        0x4 CMakeFiles/SkyFCS.elf.dir/Core/Src/syscalls.c.obj
                0x08001878                _getpid
 .text._kill    0x0800187c       0x10 CMakeFiles/SkyFCS.elf.dir/Core/Src/syscalls.c.obj
                0x0800187c                _kill
 .text._exit    0x0800188c        0xc CMakeFiles/SkyFCS.elf.dir/Core/Src/syscalls.c.obj
                0x0800188c                _exit
 .text._read    0x08001898       0x20 CMakeFiles/SkyFCS.elf.dir/Core/Src/syscalls.c.obj
                0x08001898                _read
 .text._write   0x080018b8       0x1c CMakeFiles/SkyFCS.elf.dir/Core/Src/syscalls.c.obj
                0x080018b8                _write
 .text._close   0x080018d4        0x6 CMakeFiles/SkyFCS.elf.dir/Core/Src/syscalls.c.obj
                0x080018d4                _close
 .text._fstat   0x080018da        0xa CMakeFiles/SkyFCS.elf.dir/Core/Src/syscalls.c.obj
                0x080018da                _fstat
 .text._isatty  0x080018e4        0x4 CMakeFiles/SkyFCS.elf.dir/Core/Src/syscalls.c.obj
                0x080018e4                _isatty
 .text._lseek   0x080018e8        0x4 CMakeFiles/SkyFCS.elf.dir/Core/Src/syscalls.c.obj
                0x080018e8                _lseek
 .text._sbrk    0x080018ec       0x48 CMakeFiles/SkyFCS.elf.dir/Core/Src/sysmem.c.obj
                0x080018ec                _sbrk
 .text.SystemInit
                0x08001934        0x2 CMakeFiles/SkyFCS.elf.dir/Core/Src/system_stm32f1xx.c.obj
                0x08001934                SystemInit
 *fill*         0x08001936        0x2 
 .text.MX_TIM4_Init
                0x08001938       0x70 CMakeFiles/SkyFCS.elf.dir/Core/Src/tim.c.obj
                0x08001938                MX_TIM4_Init
 .text.HAL_TIM_Base_MspInit
                0x080019a8       0x40 CMakeFiles/SkyFCS.elf.dir/Core/Src/tim.c.obj
                0x080019a8                HAL_TIM_Base_MspInit
 .text.MX_USART1_UART_Init
                0x080019e8       0x34 CMakeFiles/SkyFCS.elf.dir/Core/Src/usart.c.obj
                0x080019e8                MX_USART1_UART_Init
 .text.HAL_UART_MspInit
                0x08001a1c       0x78 CMakeFiles/SkyFCS.elf.dir/Core/Src/usart.c.obj
                0x08001a1c                HAL_UART_MspInit
 .text.Reset_Handler
                0x08001a94       0x48 CMakeFiles/SkyFCS.elf.dir/Core/Startup/startup_stm32f103c8tx.s.obj
                0x08001a94                Reset_Handler
 .text.Default_Handler
                0x08001adc        0x2 CMakeFiles/SkyFCS.elf.dir/Core/Startup/startup_stm32f103c8tx.s.obj
                0x08001adc                RTC_Alarm_IRQHandler
                0x08001adc                EXTI2_IRQHandler
                0x08001adc                TIM1_CC_IRQHandler
                0x08001adc                PVD_IRQHandler
                0x08001adc                EXTI3_IRQHandler
                0x08001adc                EXTI0_IRQHandler
                0x08001adc                I2C2_EV_IRQHandler
                0x08001adc                ADC1_2_IRQHandler
                0x08001adc                SPI1_IRQHandler
                0x08001adc                TAMPER_IRQHandler
                0x08001adc                DMA1_Channel4_IRQHandler
                0x08001adc                USART3_IRQHandler
                0x08001adc                RTC_IRQHandler
                0x08001adc                DMA1_Channel7_IRQHandler
                0x08001adc                CAN1_RX1_IRQHandler
                0x08001adc                I2C1_EV_IRQHandler
                0x08001adc                DMA1_Channel6_IRQHandler
                0x08001adc                TIM3_IRQHandler
                0x08001adc                RCC_IRQHandler
                0x08001adc                TIM1_TRG_COM_IRQHandler
                0x08001adc                DMA1_Channel1_IRQHandler
                0x08001adc                Default_Handler
                0x08001adc                EXTI15_10_IRQHandler
                0x08001adc                EXTI9_5_IRQHandler
                0x08001adc                SPI2_IRQHandler
                0x08001adc                DMA1_Channel5_IRQHandler
                0x08001adc                EXTI4_IRQHandler
                0x08001adc                USB_LP_CAN1_RX0_IRQHandler
                0x08001adc                USB_HP_CAN1_TX_IRQHandler
                0x08001adc                DMA1_Channel3_IRQHandler
                0x08001adc                TIM1_UP_IRQHandler
                0x08001adc                WWDG_IRQHandler
                0x08001adc                TIM2_IRQHandler
                0x08001adc                TIM1_BRK_IRQHandler
                0x08001adc                EXTI1_IRQHandler
                0x08001adc                USART2_IRQHandler
                0x08001adc                I2C2_ER_IRQHandler
                0x08001adc                DMA1_Channel2_IRQHandler
                0x08001adc                CAN1_SCE_IRQHandler
                0x08001adc                FLASH_IRQHandler
                0x08001adc                USART1_IRQHandler
                0x08001adc                I2C1_ER_IRQHandler
                0x08001adc                USBWakeUp_IRQHandler
 *fill*         0x08001ade        0x2 
 .text.HAL_InitTick
                0x08001ae0       0x4c CMakeFiles/SkyFCS.elf.dir/Drivers/STM32F1xx_HAL_Driver/Src/stm32f1xx_hal.c.obj
                0x08001ae0                HAL_InitTick
 .text.HAL_Init
                0x08001b2c       0x24 CMakeFiles/SkyFCS.elf.dir/Drivers/STM32F1xx_HAL_Driver/Src/stm32f1xx_hal.c.obj
                0x08001b2c                HAL_Init
 .text.HAL_IncTick
                0x08001b50       0x18 CMakeFiles/SkyFCS.elf.dir/Drivers/STM32F1xx_HAL_Driver/Src/stm32f1xx_hal.c.obj
                0x08001b50                HAL_IncTick
 .text.HAL_GetTick
                0x08001b68        0xc CMakeFiles/SkyFCS.elf.dir/Drivers/STM32F1xx_HAL_Driver/Src/stm32f1xx_hal.c.obj
                0x08001b68                HAL_GetTick
 .text.HAL_Delay
                0x08001b74       0x28 CMakeFiles/SkyFCS.elf.dir/Drivers/STM32F1xx_HAL_Driver/Src/stm32f1xx_hal.c.obj
                0x08001b74                HAL_Delay
 .text.HAL_NVIC_SetPriorityGrouping
                0x08001b9c       0x24 CMakeFiles/SkyFCS.elf.dir/Drivers/STM32F1xx_HAL_Driver/Src/stm32f1xx_hal_cortex.c.obj
                0x08001b9c                HAL_NVIC_SetPriorityGrouping
 .text.HAL_NVIC_SetPriority
                0x08001bc0       0x70 CMakeFiles/SkyFCS.elf.dir/Drivers/STM32F1xx_HAL_Driver/Src/stm32f1xx_hal_cortex.c.obj
                0x08001bc0                HAL_NVIC_SetPriority
 .text.HAL_NVIC_EnableIRQ
                0x08001c30       0x1c CMakeFiles/SkyFCS.elf.dir/Drivers/STM32F1xx_HAL_Driver/Src/stm32f1xx_hal_cortex.c.obj
                0x08001c30                HAL_NVIC_EnableIRQ
 .text.HAL_SYSTICK_Config
                0x08001c4c       0x28 CMakeFiles/SkyFCS.elf.dir/Drivers/STM32F1xx_HAL_Driver/Src/stm32f1xx_hal_cortex.c.obj
                0x08001c4c                HAL_SYSTICK_Config
 .text.HAL_GPIO_Init
                0x08001c74      0x224 CMakeFiles/SkyFCS.elf.dir/Drivers/STM32F1xx_HAL_Driver/Src/stm32f1xx_hal_gpio.c.obj
                0x08001c74                HAL_GPIO_Init
 .text.HAL_GPIO_WritePin
                0x08001e98        0xc CMakeFiles/SkyFCS.elf.dir/Drivers/STM32F1xx_HAL_Driver/Src/stm32f1xx_hal_gpio.c.obj
                0x08001e98                HAL_GPIO_WritePin
 .text.HAL_GPIO_TogglePin
                0x08001ea4       0x12 CMakeFiles/SkyFCS.elf.dir/Drivers/STM32F1xx_HAL_Driver/Src/stm32f1xx_hal_gpio.c.obj
                0x08001ea4                HAL_GPIO_TogglePin
 *fill*         0x08001eb6        0x2 
 .text.RCC_Delay
                0x08001eb8       0x2c CMakeFiles/SkyFCS.elf.dir/Drivers/STM32F1xx_HAL_Driver/Src/stm32f1xx_hal_rcc.c.obj
 .text.HAL_RCC_OscConfig
                0x08001ee4      0x410 CMakeFiles/SkyFCS.elf.dir/Drivers/STM32F1xx_HAL_Driver/Src/stm32f1xx_hal_rcc.c.obj
                0x08001ee4                HAL_RCC_OscConfig
 .text.HAL_RCC_GetSysClockFreq
                0x080022f4       0x54 CMakeFiles/SkyFCS.elf.dir/Drivers/STM32F1xx_HAL_Driver/Src/stm32f1xx_hal_rcc.c.obj
                0x080022f4                HAL_RCC_GetSysClockFreq
 .text.HAL_RCC_ClockConfig
                0x08002348      0x16c CMakeFiles/SkyFCS.elf.dir/Drivers/STM32F1xx_HAL_Driver/Src/stm32f1xx_hal_rcc.c.obj
                0x08002348                HAL_RCC_ClockConfig
 .text.HAL_RCC_GetHCLKFreq
                0x080024b4        0xc CMakeFiles/SkyFCS.elf.dir/Drivers/STM32F1xx_HAL_Driver/Src/stm32f1xx_hal_rcc.c.obj
                0x080024b4                HAL_RCC_GetHCLKFreq
 .text.HAL_RCC_GetPCLK1Freq
                0x080024c0       0x20 CMakeFiles/SkyFCS.elf.dir/Drivers/STM32F1xx_HAL_Driver/Src/stm32f1xx_hal_rcc.c.obj
                0x080024c0                HAL_RCC_GetPCLK1Freq
 .text.HAL_RCC_GetPCLK2Freq
                0x080024e0       0x20 CMakeFiles/SkyFCS.elf.dir/Drivers/STM32F1xx_HAL_Driver/Src/stm32f1xx_hal_rcc.c.obj
                0x080024e0                HAL_RCC_GetPCLK2Freq
 .text.SPI_WaitFlagStateUntilTimeout
                0x08002500       0xd4 CMakeFiles/SkyFCS.elf.dir/Drivers/STM32F1xx_HAL_Driver/Src/stm32f1xx_hal_spi.c.obj
 .text.SPI_EndRxTxTransaction
                0x080025d4       0x44 CMakeFiles/SkyFCS.elf.dir/Drivers/STM32F1xx_HAL_Driver/Src/stm32f1xx_hal_spi.c.obj
 .text.HAL_SPI_Init
                0x08002618       0xb6 CMakeFiles/SkyFCS.elf.dir/Drivers/STM32F1xx_HAL_Driver/Src/stm32f1xx_hal_spi.c.obj
                0x08002618                HAL_SPI_Init
 .text.HAL_SPI_Transmit
                0x080026ce      0x1c4 CMakeFiles/SkyFCS.elf.dir/Drivers/STM32F1xx_HAL_Driver/Src/stm32f1xx_hal_spi.c.obj
                0x080026ce                HAL_SPI_Transmit
 .text.HAL_SPI_TransmitReceive
                0x08002892      0x254 CMakeFiles/SkyFCS.elf.dir/Drivers/STM32F1xx_HAL_Driver/Src/stm32f1xx_hal_spi.c.obj
                0x08002892                HAL_SPI_TransmitReceive
 .text.TIM_TI1_ConfigInputStage
                0x08002ae6       0x24 CMakeFiles/SkyFCS.elf.dir/Drivers/STM32F1xx_HAL_Driver/Src/stm32f1xx_hal_tim.c.obj
 .text.TIM_TI2_ConfigInputStage
                0x08002b0a       0x26 CMakeFiles/SkyFCS.elf.dir/Drivers/STM32F1xx_HAL_Driver/Src/stm32f1xx_hal_tim.c.obj
 .text.TIM_ITRx_SetConfig
                0x08002b30       0x10 CMakeFiles/SkyFCS.elf.dir/Drivers/STM32F1xx_HAL_Driver/Src/stm32f1xx_hal_tim.c.obj
 .text.HAL_TIM_Base_Start_IT
                0x08002b40       0x68 CMakeFiles/SkyFCS.elf.dir/Drivers/STM32F1xx_HAL_Driver/Src/stm32f1xx_hal_tim.c.obj
                0x08002b40                HAL_TIM_Base_Start_IT
 .text.HAL_TIM_OC_DelayElapsedCallback
                0x08002ba8        0x2 CMakeFiles/SkyFCS.elf.dir/Drivers/STM32F1xx_HAL_Driver/Src/stm32f1xx_hal_tim.c.obj
                0x08002ba8                HAL_TIM_OC_DelayElapsedCallback
 .text.HAL_TIM_IC_CaptureCallback
                0x08002baa        0x2 CMakeFiles/SkyFCS.elf.dir/Drivers/STM32F1xx_HAL_Driver/Src/stm32f1xx_hal_tim.c.obj
                0x08002baa                HAL_TIM_IC_CaptureCallback
 .text.HAL_TIM_PWM_PulseFinishedCallback
                0x08002bac        0x2 CMakeFiles/SkyFCS.elf.dir/Drivers/STM32F1xx_HAL_Driver/Src/stm32f1xx_hal_tim.c.obj
                0x08002bac                HAL_TIM_PWM_PulseFinishedCallback
 .text.HAL_TIM_TriggerCallback
                0x08002bae        0x2 CMakeFiles/SkyFCS.elf.dir/Drivers/STM32F1xx_HAL_Driver/Src/stm32f1xx_hal_tim.c.obj
                0x08002bae                HAL_TIM_TriggerCallback
 .text.HAL_TIM_IRQHandler
                0x08002bb0      0x15e CMakeFiles/SkyFCS.elf.dir/Drivers/STM32F1xx_HAL_Driver/Src/stm32f1xx_hal_tim.c.obj
                0x08002bb0                HAL_TIM_IRQHandler
 *fill*         0x08002d0e        0x2 
 .text.TIM_Base_SetConfig
                0x08002d10       0x84 CMakeFiles/SkyFCS.elf.dir/Drivers/STM32F1xx_HAL_Driver/Src/stm32f1xx_hal_tim.c.obj
                0x08002d10                TIM_Base_SetConfig
 .text.HAL_TIM_Base_Init
                0x08002d94       0x58 CMakeFiles/SkyFCS.elf.dir/Drivers/STM32F1xx_HAL_Driver/Src/stm32f1xx_hal_tim.c.obj
                0x08002d94                HAL_TIM_Base_Init
 .text.TIM_ETR_SetConfig
                0x08002dec       0x18 CMakeFiles/SkyFCS.elf.dir/Drivers/STM32F1xx_HAL_Driver/Src/stm32f1xx_hal_tim.c.obj
                0x08002dec                TIM_ETR_SetConfig
 .text.HAL_TIM_ConfigClockSource
                0x08002e04       0xfe CMakeFiles/SkyFCS.elf.dir/Drivers/STM32F1xx_HAL_Driver/Src/stm32f1xx_hal_tim.c.obj
                0x08002e04                HAL_TIM_ConfigClockSource
 *fill*         0x08002f02        0x2 
 .text.HAL_TIMEx_MasterConfigSynchronization
                0x08002f04       0x6c CMakeFiles/SkyFCS.elf.dir/Drivers/STM32F1xx_HAL_Driver/Src/stm32f1xx_hal_tim_ex.c.obj
                0x08002f04                HAL_TIMEx_MasterConfigSynchronization
 .text.HAL_TIMEx_CommutCallback
                0x08002f70        0x2 CMakeFiles/SkyFCS.elf.dir/Drivers/STM32F1xx_HAL_Driver/Src/stm32f1xx_hal_tim_ex.c.obj
                0x08002f70                HAL_TIMEx_CommutCallback
 .text.HAL_TIMEx_BreakCallback
                0x08002f72        0x2 CMakeFiles/SkyFCS.elf.dir/Drivers/STM32F1xx_HAL_Driver/Src/stm32f1xx_hal_tim_ex.c.obj
                0x08002f72                HAL_TIMEx_BreakCallback
 .text.UART_EndRxTransfer
                0x08002f74       0x5c CMakeFiles/SkyFCS.elf.dir/Drivers/STM32F1xx_HAL_Driver/Src/stm32f1xx_hal_uart.c.obj
 .text.UART_SetConfig
                0x08002fd0       0x94 CMakeFiles/SkyFCS.elf.dir/Drivers/STM32F1xx_HAL_Driver/Src/stm32f1xx_hal_uart.c.obj
 .text.UART_WaitOnFlagUntilTimeout
                0x08003064       0x8a CMakeFiles/SkyFCS.elf.dir/Drivers/STM32F1xx_HAL_Driver/Src/stm32f1xx_hal_uart.c.obj
 .text.HAL_UART_Init
                0x080030ee       0x60 CMakeFiles/SkyFCS.elf.dir/Drivers/STM32F1xx_HAL_Driver/Src/stm32f1xx_hal_uart.c.obj
                0x080030ee                HAL_UART_Init
 .text.HAL_UART_Transmit
                0x0800314e       0xcc CMakeFiles/SkyFCS.elf.dir/Drivers/STM32F1xx_HAL_Driver/Src/stm32f1xx_hal_uart.c.obj
                0x0800314e                HAL_UART_Transmit
 *fill*         0x0800321a        0x2 
 .text.__errno  0x0800321c        0xc c:/gcc-arm-none-eabi-10-2020-q4-major/bin/../lib/gcc/arm-none-eabi/10.2.1/../../../../arm-none-eabi/lib/thumb/v7-m/nofp\libg.a(lib_a-errno.o)
                0x0800321c                __errno
 .text.__libc_init_array
                0x08003228       0x48 c:/gcc-arm-none-eabi-10-2020-q4-major/bin/../lib/gcc/arm-none-eabi/10.2.1/../../../../arm-none-eabi/lib/thumb/v7-m/nofp\libg.a(lib_a-init.o)
                0x08003228                __libc_init_array
 .text.memset   0x08003270       0xa4 c:/gcc-arm-none-eabi-10-2020-q4-major/bin/../lib/gcc/arm-none-eabi/10.2.1/../../../../arm-none-eabi/lib/thumb/v7-m/nofp\libg.a(lib_a-memset.o)
                0x08003270                memset
 .text.printf   0x08003314       0x28 c:/gcc-arm-none-eabi-10-2020-q4-major/bin/../lib/gcc/arm-none-eabi/10.2.1/../../../../arm-none-eabi/lib/thumb/v7-m/nofp\libg.a(lib_a-printf.o)
                0x08003314                printf
 .text._vfprintf_r
                0x0800333c     0x1b58 c:/gcc-arm-none-eabi-10-2020-q4-major/bin/../lib/gcc/arm-none-eabi/10.2.1/../../../../arm-none-eabi/lib/thumb/v7-m/nofp\libg.a(lib_a-vfprintf.o)
                0x0800333c                _vfprintf_r
 .text.__sbprintf
                0x08004e94       0x84 c:/gcc-arm-none-eabi-10-2020-q4-major/bin/../lib/gcc/arm-none-eabi/10.2.1/../../../../arm-none-eabi/lib/thumb/v7-m/nofp\libg.a(lib_a-vfprintf.o)
 .text.__swsetup_r
                0x08004f18       0xd4 c:/gcc-arm-none-eabi-10-2020-q4-major/bin/../lib/gcc/arm-none-eabi/10.2.1/../../../../arm-none-eabi/lib/thumb/v7-m/nofp\libg.a(lib_a-wsetup.o)
                0x08004f18                __swsetup_r
 .text.startup.register_fini
                0x08004fec       0x14 c:/gcc-arm-none-eabi-10-2020-q4-major/bin/../lib/gcc/arm-none-eabi/10.2.1/../../../../arm-none-eabi/lib/thumb/v7-m/nofp\libg.a(lib_a-__call_atexit.o)
 .text.atexit   0x08005000        0xc c:/gcc-arm-none-eabi-10-2020-q4-major/bin/../lib/gcc/arm-none-eabi/10.2.1/../../../../arm-none-eabi/lib/thumb/v7-m/nofp\libg.a(lib_a-atexit.o)
                0x08005000                atexit
 .text.quorem   0x0800500c      0x12c c:/gcc-arm-none-eabi-10-2020-q4-major/bin/../lib/gcc/arm-none-eabi/10.2.1/../../../../arm-none-eabi/lib/thumb/v7-m/nofp\libg.a(lib_a-dtoa.o)
 .text._dtoa_r  0x08005138      0xecc c:/gcc-arm-none-eabi-10-2020-q4-major/bin/../lib/gcc/arm-none-eabi/10.2.1/../../../../arm-none-eabi/lib/thumb/v7-m/nofp\libg.a(lib_a-dtoa.o)
                0x08005138                _dtoa_r
 .text.__sflush_r
                0x08006004      0x124 c:/gcc-arm-none-eabi-10-2020-q4-major/bin/../lib/gcc/arm-none-eabi/10.2.1/../../../../arm-none-eabi/lib/thumb/v7-m/nofp\libg.a(lib_a-fflush.o)
                0x08006004                __sflush_r
 .text._fflush_r
                0x08006128       0x5c c:/gcc-arm-none-eabi-10-2020-q4-major/bin/../lib/gcc/arm-none-eabi/10.2.1/../../../../arm-none-eabi/lib/thumb/v7-m/nofp\libg.a(lib_a-fflush.o)
                0x08006128                _fflush_r
 .text._cleanup_r
                0x08006184        0xc c:/gcc-arm-none-eabi-10-2020-q4-major/bin/../lib/gcc/arm-none-eabi/10.2.1/../../../../arm-none-eabi/lib/thumb/v7-m/nofp\libg.a(lib_a-findfp.o)
                0x08006184                _cleanup_r
 .text.__sinit  0x08006190      0x10c c:/gcc-arm-none-eabi-10-2020-q4-major/bin/../lib/gcc/arm-none-eabi/10.2.1/../../../../arm-none-eabi/lib/thumb/v7-m/nofp\libg.a(lib_a-findfp.o)
                0x08006190                __sinit
 .text.__sfp_lock_acquire
                0x0800629c        0xc c:/gcc-arm-none-eabi-10-2020-q4-major/bin/../lib/gcc/arm-none-eabi/10.2.1/../../../../arm-none-eabi/lib/thumb/v7-m/nofp\libg.a(lib_a-findfp.o)
                0x0800629c                __sfp_lock_acquire
 .text.__sfp_lock_release
                0x080062a8        0xc c:/gcc-arm-none-eabi-10-2020-q4-major/bin/../lib/gcc/arm-none-eabi/10.2.1/../../../../arm-none-eabi/lib/thumb/v7-m/nofp\libg.a(lib_a-findfp.o)
                0x080062a8                __sfp_lock_release
 .text.__libc_fini_array
                0x080062b4       0x2c c:/gcc-arm-none-eabi-10-2020-q4-major/bin/../lib/gcc/arm-none-eabi/10.2.1/../../../../arm-none-eabi/lib/thumb/v7-m/nofp\libg.a(lib_a-fini.o)
                0x080062b4                __libc_fini_array
 .text._malloc_trim_r
                0x080062e0       0xa0 c:/gcc-arm-none-eabi-10-2020-q4-major/bin/../lib/gcc/arm-none-eabi/10.2.1/../../../../arm-none-eabi/lib/thumb/v7-m/nofp\libg.a(lib_a-freer.o)
                0x080062e0                _malloc_trim_r
 .text._free_r  0x08006380      0x200 c:/gcc-arm-none-eabi-10-2020-q4-major/bin/../lib/gcc/arm-none-eabi/10.2.1/../../../../arm-none-eabi/lib/thumb/v7-m/nofp\libg.a(lib_a-freer.o)
                0x08006380                _free_r
 .text._fwalk_reent
                0x08006580       0x48 c:/gcc-arm-none-eabi-10-2020-q4-major/bin/../lib/gcc/arm-none-eabi/10.2.1/../../../../arm-none-eabi/lib/thumb/v7-m/nofp\libg.a(lib_a-fwalk.o)
                0x08006580                _fwalk_reent
 .text._localeconv_r
                0x080065c8        0x8 c:/gcc-arm-none-eabi-10-2020-q4-major/bin/../lib/gcc/arm-none-eabi/10.2.1/../../../../arm-none-eabi/lib/thumb/v7-m/nofp\libg.a(lib_a-localeconv.o)
                0x080065c8                _localeconv_r
 .text.__retarget_lock_init_recursive
                0x080065d0        0x4 c:/gcc-arm-none-eabi-10-2020-q4-major/bin/../lib/gcc/arm-none-eabi/10.2.1/../../../../arm-none-eabi/lib/thumb/v7-m/nofp\libg.a(lib_a-lock.o)
                0x080065d0                __retarget_lock_init_recursive
 .text.__retarget_lock_close_recursive
                0x080065d4        0x4 c:/gcc-arm-none-eabi-10-2020-q4-major/bin/../lib/gcc/arm-none-eabi/10.2.1/../../../../arm-none-eabi/lib/thumb/v7-m/nofp\libg.a(lib_a-lock.o)
                0x080065d4                __retarget_lock_close_recursive
 .text.__retarget_lock_acquire_recursive
                0x080065d8        0x4 c:/gcc-arm-none-eabi-10-2020-q4-major/bin/../lib/gcc/arm-none-eabi/10.2.1/../../../../arm-none-eabi/lib/thumb/v7-m/nofp\libg.a(lib_a-lock.o)
                0x080065d8                __retarget_lock_acquire_recursive
 .text.__retarget_lock_release_recursive
                0x080065dc        0x4 c:/gcc-arm-none-eabi-10-2020-q4-major/bin/../lib/gcc/arm-none-eabi/10.2.1/../../../../arm-none-eabi/lib/thumb/v7-m/nofp\libg.a(lib_a-lock.o)
                0x080065dc                __retarget_lock_release_recursive
 .text.__smakebuf_r
                0x080065e0       0xe0 c:/gcc-arm-none-eabi-10-2020-q4-major/bin/../lib/gcc/arm-none-eabi/10.2.1/../../../../arm-none-eabi/lib/thumb/v7-m/nofp\libg.a(lib_a-makebuf.o)
                0x080065e0                __smakebuf_r
 .text._malloc_r
                0x080066c0      0x558 c:/gcc-arm-none-eabi-10-2020-q4-major/bin/../lib/gcc/arm-none-eabi/10.2.1/../../../../arm-none-eabi/lib/thumb/v7-m/nofp\libg.a(lib_a-mallocr.o)
                0x080066c0                _malloc_r
 .text.memchr   0x08006c18       0x90 c:/gcc-arm-none-eabi-10-2020-q4-major/bin/../lib/gcc/arm-none-eabi/10.2.1/../../../../arm-none-eabi/lib/thumb/v7-m/nofp\libg.a(lib_a-memchr-stub.o)
                0x08006c18                memchr
 .text.__malloc_lock
                0x08006ca8        0xc c:/gcc-arm-none-eabi-10-2020-q4-major/bin/../lib/gcc/arm-none-eabi/10.2.1/../../../../arm-none-eabi/lib/thumb/v7-m/nofp\libg.a(lib_a-mlock.o)
                0x08006ca8                __malloc_lock
 .text.__malloc_unlock
                0x08006cb4        0xc c:/gcc-arm-none-eabi-10-2020-q4-major/bin/../lib/gcc/arm-none-eabi/10.2.1/../../../../arm-none-eabi/lib/thumb/v7-m/nofp\libg.a(lib_a-mlock.o)
                0x08006cb4                __malloc_unlock
 .text._Balloc  0x08006cc0       0x4c c:/gcc-arm-none-eabi-10-2020-q4-major/bin/../lib/gcc/arm-none-eabi/10.2.1/../../../../arm-none-eabi/lib/thumb/v7-m/nofp\libg.a(lib_a-mprec.o)
                0x08006cc0                _Balloc
 .text._Bfree   0x08006d0c       0x14 c:/gcc-arm-none-eabi-10-2020-q4-major/bin/../lib/gcc/arm-none-eabi/10.2.1/../../../../arm-none-eabi/lib/thumb/v7-m/nofp\libg.a(lib_a-mprec.o)
                0x08006d0c                _Bfree
 .text.__multadd
                0x08006d20       0xa4 c:/gcc-arm-none-eabi-10-2020-q4-major/bin/../lib/gcc/arm-none-eabi/10.2.1/../../../../arm-none-eabi/lib/thumb/v7-m/nofp\libg.a(lib_a-mprec.o)
                0x08006d20                __multadd
 .text.__hi0bits
                0x08006dc4       0x40 c:/gcc-arm-none-eabi-10-2020-q4-major/bin/../lib/gcc/arm-none-eabi/10.2.1/../../../../arm-none-eabi/lib/thumb/v7-m/nofp\libg.a(lib_a-mprec.o)
                0x08006dc4                __hi0bits
 .text.__lo0bits
                0x08006e04       0x58 c:/gcc-arm-none-eabi-10-2020-q4-major/bin/../lib/gcc/arm-none-eabi/10.2.1/../../../../arm-none-eabi/lib/thumb/v7-m/nofp\libg.a(lib_a-mprec.o)
                0x08006e04                __lo0bits
 .text.__i2b    0x08006e5c       0x5c c:/gcc-arm-none-eabi-10-2020-q4-major/bin/../lib/gcc/arm-none-eabi/10.2.1/../../../../arm-none-eabi/lib/thumb/v7-m/nofp\libg.a(lib_a-mprec.o)
                0x08006e5c                __i2b
 .text.__multiply
                0x08006eb8      0x15c c:/gcc-arm-none-eabi-10-2020-q4-major/bin/../lib/gcc/arm-none-eabi/10.2.1/../../../../arm-none-eabi/lib/thumb/v7-m/nofp\libg.a(lib_a-mprec.o)
                0x08006eb8                __multiply
 .text.__pow5mult
                0x08007014       0xb8 c:/gcc-arm-none-eabi-10-2020-q4-major/bin/../lib/gcc/arm-none-eabi/10.2.1/../../../../arm-none-eabi/lib/thumb/v7-m/nofp\libg.a(lib_a-mprec.o)
                0x08007014                __pow5mult
 .text.__lshift
                0x080070cc       0xec c:/gcc-arm-none-eabi-10-2020-q4-major/bin/../lib/gcc/arm-none-eabi/10.2.1/../../../../arm-none-eabi/lib/thumb/v7-m/nofp\libg.a(lib_a-mprec.o)
                0x080070cc                __lshift
 .text.__mcmp   0x080071b8       0x40 c:/gcc-arm-none-eabi-10-2020-q4-major/bin/../lib/gcc/arm-none-eabi/10.2.1/../../../../arm-none-eabi/lib/thumb/v7-m/nofp\libg.a(lib_a-mprec.o)
                0x080071b8                __mcmp
 .text.__mdiff  0x080071f8      0x14c c:/gcc-arm-none-eabi-10-2020-q4-major/bin/../lib/gcc/arm-none-eabi/10.2.1/../../../../arm-none-eabi/lib/thumb/v7-m/nofp\libg.a(lib_a-mprec.o)
                0x080071f8                __mdiff
 .text.__d2b    0x08007344       0xc4 c:/gcc-arm-none-eabi-10-2020-q4-major/bin/../lib/gcc/arm-none-eabi/10.2.1/../../../../arm-none-eabi/lib/thumb/v7-m/nofp\libg.a(lib_a-mprec.o)
                0x08007344                __d2b
 .text.frexp    0x08007408       0x70 c:/gcc-arm-none-eabi-10-2020-q4-major/bin/../lib/gcc/arm-none-eabi/10.2.1/../../../../arm-none-eabi/lib/thumb/v7-m/nofp\libg.a(lib_a-s_frexp.o)
                0x08007408                frexp
 .text._sbrk_r  0x08007478       0x24 c:/gcc-arm-none-eabi-10-2020-q4-major/bin/../lib/gcc/arm-none-eabi/10.2.1/../../../../arm-none-eabi/lib/thumb/v7-m/nofp\libg.a(lib_a-sbrkr.o)
                0x08007478                _sbrk_r
 .text.__sread  0x0800749c       0x24 c:/gcc-arm-none-eabi-10-2020-q4-major/bin/../lib/gcc/arm-none-eabi/10.2.1/../../../../arm-none-eabi/lib/thumb/v7-m/nofp\libg.a(lib_a-stdio.o)
                0x0800749c                __sread
 .text.__swrite
                0x080074c0       0x40 c:/gcc-arm-none-eabi-10-2020-q4-major/bin/../lib/gcc/arm-none-eabi/10.2.1/../../../../arm-none-eabi/lib/thumb/v7-m/nofp\libg.a(lib_a-stdio.o)
                0x080074c0                __swrite
 .text.__sseek  0x08007500       0x20 c:/gcc-arm-none-eabi-10-2020-q4-major/bin/../lib/gcc/arm-none-eabi/10.2.1/../../../../arm-none-eabi/lib/thumb/v7-m/nofp\libg.a(lib_a-stdio.o)
                0x08007500                __sseek
 .text.__sclose
                0x08007520        0x8 c:/gcc-arm-none-eabi-10-2020-q4-major/bin/../lib/gcc/arm-none-eabi/10.2.1/../../../../arm-none-eabi/lib/thumb/v7-m/nofp\libg.a(lib_a-stdio.o)
                0x08007520                __sclose
 .text.strlen   0x08007528       0x5c c:/gcc-arm-none-eabi-10-2020-q4-major/bin/../lib/gcc/arm-none-eabi/10.2.1/../../../../arm-none-eabi/lib/thumb/v7-m/nofp\libg.a(lib_a-strlen-stub.o)
                0x08007528                strlen
 .text.strncpy  0x08007584       0x68 c:/gcc-arm-none-eabi-10-2020-q4-major/bin/../lib/gcc/arm-none-eabi/10.2.1/../../../../arm-none-eabi/lib/thumb/v7-m/nofp\libg.a(lib_a-strncpy.o)
                0x08007584                strncpy
 .text.__sprint_r.part.0
                0x080075ec       0x78 c:/gcc-arm-none-eabi-10-2020-q4-major/bin/../lib/gcc/arm-none-eabi/10.2.1/../../../../arm-none-eabi/lib/thumb/v7-m/nofp\libg.a(lib_a-vfiprintf.o)
 .text.__sprint_r
                0x08007664       0x14 c:/gcc-arm-none-eabi-10-2020-q4-major/bin/../lib/gcc/arm-none-eabi/10.2.1/../../../../arm-none-eabi/lib/thumb/v7-m/nofp\libg.a(lib_a-vfiprintf.o)
                0x08007664                __sprint_r
 .text._vfiprintf_r
                0x08007678      0xd94 c:/gcc-arm-none-eabi-10-2020-q4-major/bin/../lib/gcc/arm-none-eabi/10.2.1/../../../../arm-none-eabi/lib/thumb/v7-m/nofp\libg.a(lib_a-vfiprintf.o)
                0x08007678                _vfiprintf_r
 .text.__sbprintf
                0x0800840c       0x84 c:/gcc-arm-none-eabi-10-2020-q4-major/bin/../lib/gcc/arm-none-eabi/10.2.1/../../../../arm-none-eabi/lib/thumb/v7-m/nofp\libg.a(lib_a-vfiprintf.o)
 .text._write_r
                0x08008490       0x2c c:/gcc-arm-none-eabi-10-2020-q4-major/bin/../lib/gcc/arm-none-eabi/10.2.1/../../../../arm-none-eabi/lib/thumb/v7-m/nofp\libg.a(lib_a-writer.o)
                0x08008490                _write_r
 .text.__register_exitproc
                0x080084bc       0x8c c:/gcc-arm-none-eabi-10-2020-q4-major/bin/../lib/gcc/arm-none-eabi/10.2.1/../../../../arm-none-eabi/lib/thumb/v7-m/nofp\libg.a(lib_a-__atexit.o)
                0x080084bc                __register_exitproc
 .text.__assert_func
                0x08008548       0x40 c:/gcc-arm-none-eabi-10-2020-q4-major/bin/../lib/gcc/arm-none-eabi/10.2.1/../../../../arm-none-eabi/lib/thumb/v7-m/nofp\libg.a(lib_a-assert.o)
                0x08008548                __assert_func
 .text._calloc_r
                0x08008588       0x60 c:/gcc-arm-none-eabi-10-2020-q4-major/bin/../lib/gcc/arm-none-eabi/10.2.1/../../../../arm-none-eabi/lib/thumb/v7-m/nofp\libg.a(lib_a-callocr.o)
                0x08008588                _calloc_r
 .text._close_r
                0x080085e8       0x24 c:/gcc-arm-none-eabi-10-2020-q4-major/bin/../lib/gcc/arm-none-eabi/10.2.1/../../../../arm-none-eabi/lib/thumb/v7-m/nofp\libg.a(lib_a-closer.o)
                0x080085e8                _close_r
 .text._fclose_r
                0x0800860c       0xcc c:/gcc-arm-none-eabi-10-2020-q4-major/bin/../lib/gcc/arm-none-eabi/10.2.1/../../../../arm-none-eabi/lib/thumb/v7-m/nofp\libg.a(lib_a-fclose.o)
                0x0800860c                _fclose_r
 .text.fiprintf
                0x080086d8       0x28 c:/gcc-arm-none-eabi-10-2020-q4-major/bin/../lib/gcc/arm-none-eabi/10.2.1/../../../../arm-none-eabi/lib/thumb/v7-m/nofp\libg.a(lib_a-fiprintf.o)
                0x080086d8                fiprintf
 .text.__fputwc
                0x08008700       0xa0 c:/gcc-arm-none-eabi-10-2020-q4-major/bin/../lib/gcc/arm-none-eabi/10.2.1/../../../../arm-none-eabi/lib/thumb/v7-m/nofp\libg.a(lib_a-fputwc.o)
                0x08008700                __fputwc
 .text._fputwc_r
                0x080087a0       0x68 c:/gcc-arm-none-eabi-10-2020-q4-major/bin/../lib/gcc/arm-none-eabi/10.2.1/../../../../arm-none-eabi/lib/thumb/v7-m/nofp\libg.a(lib_a-fputwc.o)
                0x080087a0                _fputwc_r
 .text._fstat_r
                0x08008808       0x28 c:/gcc-arm-none-eabi-10-2020-q4-major/bin/../lib/gcc/arm-none-eabi/10.2.1/../../../../arm-none-eabi/lib/thumb/v7-m/nofp\libg.a(lib_a-fstatr.o)
                0x08008808                _fstat_r
 .text.__sfvwrite_r
                0x08008830      0x2f0 c:/gcc-arm-none-eabi-10-2020-q4-major/bin/../lib/gcc/arm-none-eabi/10.2.1/../../../../arm-none-eabi/lib/thumb/v7-m/nofp\libg.a(lib_a-fvwrite.o)
                0x08008830                __sfvwrite_r
 .text._isatty_r
                0x08008b20       0x24 c:/gcc-arm-none-eabi-10-2020-q4-major/bin/../lib/gcc/arm-none-eabi/10.2.1/../../../../arm-none-eabi/lib/thumb/v7-m/nofp\libg.a(lib_a-isattyr.o)
                0x08008b20                _isatty_r
 .text.__locale_mb_cur_max
                0x08008b44        0xc c:/gcc-arm-none-eabi-10-2020-q4-major/bin/../lib/gcc/arm-none-eabi/10.2.1/../../../../arm-none-eabi/lib/thumb/v7-m/nofp\libg.a(lib_a-locale.o)
                0x08008b44                __locale_mb_cur_max
 .text._lseek_r
                0x08008b50       0x2c c:/gcc-arm-none-eabi-10-2020-q4-major/bin/../lib/gcc/arm-none-eabi/10.2.1/../../../../arm-none-eabi/lib/thumb/v7-m/nofp\libg.a(lib_a-lseekr.o)
                0x08008b50                _lseek_r
 .text.__ascii_mbtowc
                0x08008b7c       0x2c c:/gcc-arm-none-eabi-10-2020-q4-major/bin/../lib/gcc/arm-none-eabi/10.2.1/../../../../arm-none-eabi/lib/thumb/v7-m/nofp\libg.a(lib_a-mbtowc_r.o)
                0x08008b7c                __ascii_mbtowc
 .text.memmove  0x08008ba8       0xf8 c:/gcc-arm-none-eabi-10-2020-q4-major/bin/../lib/gcc/arm-none-eabi/10.2.1/../../../../arm-none-eabi/lib/thumb/v7-m/nofp\libg.a(lib_a-memmove.o)
                0x08008ba8                memmove
 .text._read_r  0x08008ca0       0x2c c:/gcc-arm-none-eabi-10-2020-q4-major/bin/../lib/gcc/arm-none-eabi/10.2.1/../../../../arm-none-eabi/lib/thumb/v7-m/nofp\libg.a(lib_a-readr.o)
                0x08008ca0                _read_r
 .text._realloc_r
                0x08008ccc      0x3dc c:/gcc-arm-none-eabi-10-2020-q4-major/bin/../lib/gcc/arm-none-eabi/10.2.1/../../../../arm-none-eabi/lib/thumb/v7-m/nofp\libg.a(lib_a-reallocr.o)
                0x08008ccc                _realloc_r
 .text.__swbuf_r
                0x080090a8       0xb0 c:/gcc-arm-none-eabi-10-2020-q4-major/bin/../lib/gcc/arm-none-eabi/10.2.1/../../../../arm-none-eabi/lib/thumb/v7-m/nofp\libg.a(lib_a-wbuf.o)
                0x080090a8                __swbuf_r
 .text._wcrtomb_r
                0x08009158       0x3c c:/gcc-arm-none-eabi-10-2020-q4-major/bin/../lib/gcc/arm-none-eabi/10.2.1/../../../../arm-none-eabi/lib/thumb/v7-m/nofp\libg.a(lib_a-wcrtomb.o)
                0x08009158                _wcrtomb_r
 .text.__ascii_wctomb
                0x08009194       0x1c c:/gcc-arm-none-eabi-10-2020-q4-major/bin/../lib/gcc/arm-none-eabi/10.2.1/../../../../arm-none-eabi/lib/thumb/v7-m/nofp\libg.a(lib_a-wctomb_r.o)
                0x08009194                __ascii_wctomb
 .text.abort    0x080091b0       0x10 c:/gcc-arm-none-eabi-10-2020-q4-major/bin/../lib/gcc/arm-none-eabi/10.2.1/../../../../arm-none-eabi/lib/thumb/v7-m/nofp\libg.a(lib_a-abort.o)
                0x080091b0                abort
 .text.raise    0x080091c0       0x5c c:/gcc-arm-none-eabi-10-2020-q4-major/bin/../lib/gcc/arm-none-eabi/10.2.1/../../../../arm-none-eabi/lib/thumb/v7-m/nofp\libg.a(lib_a-signal.o)
                0x080091c0                raise
 .text._kill_r  0x0800921c       0x28 c:/gcc-arm-none-eabi-10-2020-q4-major/bin/../lib/gcc/arm-none-eabi/10.2.1/../../../../arm-none-eabi/lib/thumb/v7-m/nofp\libg.a(lib_a-signalr.o)
                0x0800921c                _kill_r
 .text._getpid_r
                0x08009244        0x4 c:/gcc-arm-none-eabi-10-2020-q4-major/bin/../lib/gcc/arm-none-eabi/10.2.1/../../../../arm-none-eabi/lib/thumb/v7-m/nofp\libg.a(lib_a-signalr.o)
                0x08009244                _getpid_r
 *(.glue_7)
 .glue_7        0x08009248        0x0 linker stubs
 *(.glue_7t)
 .glue_7t       0x08009248        0x0 linker stubs
 *(.eh_frame)
 .eh_frame      0x08009248        0x0 c:/gcc-arm-none-eabi-10-2020-q4-major/bin/../lib/gcc/arm-none-eabi/10.2.1/thumb/v7-m/nofp/crtbegin.o
 *(.init)
 .init          0x08009248        0x4 c:/gcc-arm-none-eabi-10-2020-q4-major/bin/../lib/gcc/arm-none-eabi/10.2.1/thumb/v7-m/nofp/crti.o
                0x08009248                _init
 .init          0x0800924c        0x8 c:/gcc-arm-none-eabi-10-2020-q4-major/bin/../lib/gcc/arm-none-eabi/10.2.1/thumb/v7-m/nofp/crtn.o
 *(.fini)
 .fini          0x08009254        0x4 c:/gcc-arm-none-eabi-10-2020-q4-major/bin/../lib/gcc/arm-none-eabi/10.2.1/thumb/v7-m/nofp/crti.o
                0x08009254                _fini
 .fini          0x08009258        0x8 c:/gcc-arm-none-eabi-10-2020-q4-major/bin/../lib/gcc/arm-none-eabi/10.2.1/thumb/v7-m/nofp/crtn.o
                0x08009260                . = ALIGN (0x4)
                0x08009260                _etext = .

.vfp11_veneer   0x08009260        0x0
 .vfp11_veneer  0x08009260        0x0 linker stubs

.v4_bx          0x08009260        0x0
 .v4_bx         0x08009260        0x0 linker stubs

.iplt           0x08009260        0x0
 .iplt          0x08009260        0x0 c:/gcc-arm-none-eabi-10-2020-q4-major/bin/../lib/gcc/arm-none-eabi/10.2.1/thumb/v7-m/nofp/crtbegin.o

.rodata         0x08009260      0x458
                0x08009260                . = ALIGN (0x4)
 *(.rodata)
 *(.rodata*)
 .rodata.main.str1.4
                0x08009260       0x2b CMakeFiles/SkyFCS.elf.dir/Core/Src/main.c.obj
 *fill*         0x0800928b        0x1 
 .rodata.AHBPrescTable
                0x0800928c       0x10 CMakeFiles/SkyFCS.elf.dir/Core/Src/system_stm32f1xx.c.obj
                0x0800928c                AHBPrescTable
 .rodata.APBPrescTable
                0x0800929c        0x8 CMakeFiles/SkyFCS.elf.dir/Core/Src/system_stm32f1xx.c.obj
                0x0800929c                APBPrescTable
 .rodata.aPLLMULFactorTable.1
                0x080092a4       0x10 CMakeFiles/SkyFCS.elf.dir/Drivers/STM32F1xx_HAL_Driver/Src/stm32f1xx_hal_rcc.c.obj
 .rodata.aPredivFactorTable.0
                0x080092b4        0x2 CMakeFiles/SkyFCS.elf.dir/Drivers/STM32F1xx_HAL_Driver/Src/stm32f1xx_hal_rcc.c.obj
 *fill*         0x080092b6        0x2 
 .rodata._global_impure_ptr
                0x080092b8        0x4 c:/gcc-arm-none-eabi-10-2020-q4-major/bin/../lib/gcc/arm-none-eabi/10.2.1/../../../../arm-none-eabi/lib/thumb/v7-m/nofp\libg.a(lib_a-impure.o)
                0x080092b8                _global_impure_ptr
 .rodata._vfprintf_r.str1.4
                0x080092bc       0x42 c:/gcc-arm-none-eabi-10-2020-q4-major/bin/../lib/gcc/arm-none-eabi/10.2.1/../../../../arm-none-eabi/lib/thumb/v7-m/nofp\libg.a(lib_a-vfprintf.o)
 *fill*         0x080092fe        0x2 
 .rodata.blanks.1
                0x08009300       0x10 c:/gcc-arm-none-eabi-10-2020-q4-major/bin/../lib/gcc/arm-none-eabi/10.2.1/../../../../arm-none-eabi/lib/thumb/v7-m/nofp\libg.a(lib_a-vfprintf.o)
 .rodata.zeroes.0
                0x08009310       0x10 c:/gcc-arm-none-eabi-10-2020-q4-major/bin/../lib/gcc/arm-none-eabi/10.2.1/../../../../arm-none-eabi/lib/thumb/v7-m/nofp\libg.a(lib_a-vfprintf.o)
 .rodata._dtoa_r.str1.4
                0x08009320       0xa1 c:/gcc-arm-none-eabi-10-2020-q4-major/bin/../lib/gcc/arm-none-eabi/10.2.1/../../../../arm-none-eabi/lib/thumb/v7-m/nofp\libg.a(lib_a-dtoa.o)
                                 0xa5 (size before relaxing)
 *fill*         0x080093c1        0x3 
 .rodata.__multadd.str1.4
                0x080093c4       0x7e c:/gcc-arm-none-eabi-10-2020-q4-major/bin/../lib/gcc/arm-none-eabi/10.2.1/../../../../arm-none-eabi/lib/thumb/v7-m/nofp\libg.a(lib_a-mprec.o)
                                 0x92 (size before relaxing)
 *fill*         0x08009442        0x6 
 .rodata.__mprec_bigtens
                0x08009448       0x28 c:/gcc-arm-none-eabi-10-2020-q4-major/bin/../lib/gcc/arm-none-eabi/10.2.1/../../../../arm-none-eabi/lib/thumb/v7-m/nofp\libg.a(lib_a-mprec.o)
                0x08009448                __mprec_bigtens
 .rodata.__mprec_tens
                0x08009470       0xc8 c:/gcc-arm-none-eabi-10-2020-q4-major/bin/../lib/gcc/arm-none-eabi/10.2.1/../../../../arm-none-eabi/lib/thumb/v7-m/nofp\libg.a(lib_a-mprec.o)
                0x08009470                __mprec_tens
 .rodata.p05.0  0x08009538        0xc c:/gcc-arm-none-eabi-10-2020-q4-major/bin/../lib/gcc/arm-none-eabi/10.2.1/../../../../arm-none-eabi/lib/thumb/v7-m/nofp\libg.a(lib_a-mprec.o)
 .rodata._vfiprintf_r.str1.4
                0x08009544       0x2f c:/gcc-arm-none-eabi-10-2020-q4-major/bin/../lib/gcc/arm-none-eabi/10.2.1/../../../../arm-none-eabi/lib/thumb/v7-m/nofp\libg.a(lib_a-vfiprintf.o)
 .rodata.blanks.1
                0x08009544       0x10 c:/gcc-arm-none-eabi-10-2020-q4-major/bin/../lib/gcc/arm-none-eabi/10.2.1/../../../../arm-none-eabi/lib/thumb/v7-m/nofp\libg.a(lib_a-vfiprintf.o)
 .rodata.zeroes.0
                0x08009554       0x10 c:/gcc-arm-none-eabi-10-2020-q4-major/bin/../lib/gcc/arm-none-eabi/10.2.1/../../../../arm-none-eabi/lib/thumb/v7-m/nofp\libg.a(lib_a-vfiprintf.o)
 .rodata.__assert_func.str1.4
                0x08009564       0x3f c:/gcc-arm-none-eabi-10-2020-q4-major/bin/../lib/gcc/arm-none-eabi/10.2.1/../../../../arm-none-eabi/lib/thumb/v7-m/nofp\libg.a(lib_a-assert.o)
                                 0x43 (size before relaxing)
 *fill*         0x080095a3        0x1 
 .rodata._setlocale_r.str1.4
                0x080095a4        0xa c:/gcc-arm-none-eabi-10-2020-q4-major/bin/../lib/gcc/arm-none-eabi/10.2.1/../../../../arm-none-eabi/lib/thumb/v7-m/nofp\libg.a(lib_a-locale.o)
                                  0xd (size before relaxing)
 *fill*         0x080095ae        0x2 
 .rodata.str1.4
                0x080095b0        0x2 c:/gcc-arm-none-eabi-10-2020-q4-major/bin/../lib/gcc/arm-none-eabi/10.2.1/../../../../arm-none-eabi/lib/thumb/v7-m/nofp\libg.a(lib_a-locale.o)
 *fill*         0x080095b2        0x2 
 .rodata._ctype_
                0x080095b4      0x101 c:/gcc-arm-none-eabi-10-2020-q4-major/bin/../lib/gcc/arm-none-eabi/10.2.1/../../../../arm-none-eabi/lib/thumb/v7-m/nofp\libg.a(lib_a-ctype_.o)
                0x080095b4                _ctype_
                0x080096b8                . = ALIGN (0x4)
 *fill*         0x080096b5        0x3 

.ARM.extab      0x080096b8        0x0
                0x080096b8                . = ALIGN (0x4)
 *(.ARM.extab* .gnu.linkonce.armextab.*)
                0x080096b8                . = ALIGN (0x4)

.ARM            0x080096b8        0x8
                0x080096b8                . = ALIGN (0x4)
                0x080096b8                __exidx_start = .
 *(.ARM.exidx*)
 .ARM.exidx     0x080096b8        0x8 c:/gcc-arm-none-eabi-10-2020-q4-major/bin/../lib/gcc/arm-none-eabi/10.2.1/thumb/v7-m/nofp\libgcc.a(_udivmoddi4.o)
                0x080096c0                __exidx_end = .
                0x080096c0                . = ALIGN (0x4)

.rel.dyn        0x080096c0        0x0
 .rel.iplt      0x080096c0        0x0 c:/gcc-arm-none-eabi-10-2020-q4-major/bin/../lib/gcc/arm-none-eabi/10.2.1/thumb/v7-m/nofp/crtbegin.o

.preinit_array  0x080096c0        0x0
                0x080096c0                . = ALIGN (0x4)
                0x080096c0                PROVIDE (__preinit_array_start = .)
 *(.preinit_array*)
                0x080096c0                PROVIDE (__preinit_array_end = .)
                0x080096c0                . = ALIGN (0x4)

.init_array     0x080096c0        0x8
                0x080096c0                . = ALIGN (0x4)
                0x080096c0                PROVIDE (__init_array_start = .)
 *(SORT_BY_NAME(.init_array.*))
 .init_array.00000
                0x080096c0        0x4 c:/gcc-arm-none-eabi-10-2020-q4-major/bin/../lib/gcc/arm-none-eabi/10.2.1/../../../../arm-none-eabi/lib/thumb/v7-m/nofp\libg.a(lib_a-__call_atexit.o)
 *(.init_array*)
 .init_array    0x080096c4        0x4 c:/gcc-arm-none-eabi-10-2020-q4-major/bin/../lib/gcc/arm-none-eabi/10.2.1/thumb/v7-m/nofp/crtbegin.o
                0x080096c8                PROVIDE (__init_array_end = .)
                0x080096c8                . = ALIGN (0x4)

.fini_array     0x080096c8        0x4
                0x080096c8                . = ALIGN (0x4)
                0x080096c8                PROVIDE (__fini_array_start = .)
 *(SORT_BY_NAME(.fini_array.*))
 *(.fini_array*)
 .fini_array    0x080096c8        0x4 c:/gcc-arm-none-eabi-10-2020-q4-major/bin/../lib/gcc/arm-none-eabi/10.2.1/thumb/v7-m/nofp/crtbegin.o
                0x080096cc                PROVIDE (__fini_array_end = .)
                0x080096cc                . = ALIGN (0x4)
                0x080096cc                _sidata = LOADADDR (.data)

.data           0x20000000      0x9b8 load address 0x080096cc
                0x20000000                . = ALIGN (0x4)
                0x20000000                _sdata = .
 *(.data)
 *(.data*)
 .data.SystemCoreClock
                0x20000000        0x4 CMakeFiles/SkyFCS.elf.dir/Core/Src/system_stm32f1xx.c.obj
                0x20000000                SystemCoreClock
 .data.uwTickFreq
                0x20000004        0x1 CMakeFiles/SkyFCS.elf.dir/Drivers/STM32F1xx_HAL_Driver/Src/stm32f1xx_hal.c.obj
                0x20000004                uwTickFreq
 *fill*         0x20000005        0x3 
 .data.uwTickPrio
                0x20000008        0x4 CMakeFiles/SkyFCS.elf.dir/Drivers/STM32F1xx_HAL_Driver/Src/stm32f1xx_hal.c.obj
                0x20000008                uwTickPrio
 .data._impure_ptr
                0x2000000c        0x4 c:/gcc-arm-none-eabi-10-2020-q4-major/bin/../lib/gcc/arm-none-eabi/10.2.1/../../../../arm-none-eabi/lib/thumb/v7-m/nofp\libg.a(lib_a-impure.o)
                0x2000000c                _impure_ptr
 .data.impure_data
                0x20000010      0x428 c:/gcc-arm-none-eabi-10-2020-q4-major/bin/../lib/gcc/arm-none-eabi/10.2.1/../../../../arm-none-eabi/lib/thumb/v7-m/nofp\libg.a(lib_a-impure.o)
 .data.__atexit_recursive_mutex
                0x20000438        0x4 c:/gcc-arm-none-eabi-10-2020-q4-major/bin/../lib/gcc/arm-none-eabi/10.2.1/../../../../arm-none-eabi/lib/thumb/v7-m/nofp\libg.a(lib_a-__call_atexit.o)
                0x20000438                __atexit_recursive_mutex
 .data.__malloc_av_
                0x2000043c      0x408 c:/gcc-arm-none-eabi-10-2020-q4-major/bin/../lib/gcc/arm-none-eabi/10.2.1/../../../../arm-none-eabi/lib/thumb/v7-m/nofp\libg.a(lib_a-mallocr.o)
                0x2000043c                __malloc_av_
 .data.__malloc_sbrk_base
                0x20000844        0x4 c:/gcc-arm-none-eabi-10-2020-q4-major/bin/../lib/gcc/arm-none-eabi/10.2.1/../../../../arm-none-eabi/lib/thumb/v7-m/nofp\libg.a(lib_a-mallocr.o)
                0x20000844                __malloc_sbrk_base
 .data.__malloc_trim_threshold
                0x20000848        0x4 c:/gcc-arm-none-eabi-10-2020-q4-major/bin/../lib/gcc/arm-none-eabi/10.2.1/../../../../arm-none-eabi/lib/thumb/v7-m/nofp\libg.a(lib_a-mallocr.o)
                0x20000848                __malloc_trim_threshold
 .data.__global_locale
                0x2000084c      0x16c c:/gcc-arm-none-eabi-10-2020-q4-major/bin/../lib/gcc/arm-none-eabi/10.2.1/../../../../arm-none-eabi/lib/thumb/v7-m/nofp\libg.a(lib_a-locale.o)
                0x2000084c                __global_locale
 *(.RamFunc)
 *(.RamFunc*)
                0x200009b8                . = ALIGN (0x4)
                0x200009b8                _edata = .

.igot.plt       0x200009b8        0x0 load address 0x0800a084
 .igot.plt      0x200009b8        0x0 c:/gcc-arm-none-eabi-10-2020-q4-major/bin/../lib/gcc/arm-none-eabi/10.2.1/thumb/v7-m/nofp/crtbegin.o
                0x200009b8                . = ALIGN (0x4)

.bss            0x200009b8      0x164 load address 0x0800a084
                0x200009b8                _sbss = .
                0x200009b8                __bss_start__ = _sbss
 *(.bss)
 .bss           0x200009b8       0x1c c:/gcc-arm-none-eabi-10-2020-q4-major/bin/../lib/gcc/arm-none-eabi/10.2.1/thumb/v7-m/nofp/crtbegin.o
 *(.bss*)
 *fill*         0x200009d4        0x4 
 .bss.timeStampForLED.0
                0x200009d8        0x8 CMakeFiles/SkyFCS.elf.dir/Core/Src/main.c.obj
 .bss.timer_overflow_count
                0x200009e0        0x4 CMakeFiles/SkyFCS.elf.dir/Core/Src/main.c.obj
                0x200009e0                timer_overflow_count
 .bss.hspi1     0x200009e4       0x58 CMakeFiles/SkyFCS.elf.dir/Core/Src/spi.c.obj
                0x200009e4                hspi1
 .bss.__sbrk_heap_end
                0x20000a3c        0x4 CMakeFiles/SkyFCS.elf.dir/Core/Src/sysmem.c.obj
 .bss.htim4     0x20000a40       0x48 CMakeFiles/SkyFCS.elf.dir/Core/Src/tim.c.obj
                0x20000a40                htim4
 .bss.huart1    0x20000a88       0x48 CMakeFiles/SkyFCS.elf.dir/Core/Src/usart.c.obj
                0x20000a88                huart1
 .bss.uwTick    0x20000ad0        0x4 CMakeFiles/SkyFCS.elf.dir/Drivers/STM32F1xx_HAL_Driver/Src/stm32f1xx_hal.c.obj
                0x20000ad0                uwTick
 .bss.__lock___atexit_recursive_mutex
                0x20000ad4        0x1 c:/gcc-arm-none-eabi-10-2020-q4-major/bin/../lib/gcc/arm-none-eabi/10.2.1/../../../../arm-none-eabi/lib/thumb/v7-m/nofp\libg.a(lib_a-lock.o)
                0x20000ad4                __lock___atexit_recursive_mutex
 *fill*         0x20000ad5        0x3 
 .bss.__lock___malloc_recursive_mutex
                0x20000ad8        0x1 c:/gcc-arm-none-eabi-10-2020-q4-major/bin/../lib/gcc/arm-none-eabi/10.2.1/../../../../arm-none-eabi/lib/thumb/v7-m/nofp\libg.a(lib_a-lock.o)
                0x20000ad8                __lock___malloc_recursive_mutex
 *fill*         0x20000ad9        0x3 
 .bss.__lock___sfp_recursive_mutex
                0x20000adc        0x1 c:/gcc-arm-none-eabi-10-2020-q4-major/bin/../lib/gcc/arm-none-eabi/10.2.1/../../../../arm-none-eabi/lib/thumb/v7-m/nofp\libg.a(lib_a-lock.o)
                0x20000adc                __lock___sfp_recursive_mutex
 *fill*         0x20000add        0x3 
 .bss.__lock___sinit_recursive_mutex
                0x20000ae0        0x1 c:/gcc-arm-none-eabi-10-2020-q4-major/bin/../lib/gcc/arm-none-eabi/10.2.1/../../../../arm-none-eabi/lib/thumb/v7-m/nofp\libg.a(lib_a-lock.o)
                0x20000ae0                __lock___sinit_recursive_mutex
 *fill*         0x20000ae1        0x3 
 .bss.__malloc_current_mallinfo
                0x20000ae4       0x28 c:/gcc-arm-none-eabi-10-2020-q4-major/bin/../lib/gcc/arm-none-eabi/10.2.1/../../../../arm-none-eabi/lib/thumb/v7-m/nofp\libg.a(lib_a-mallocr.o)
                0x20000ae4                __malloc_current_mallinfo
 .bss.__malloc_max_sbrked_mem
                0x20000b0c        0x4 c:/gcc-arm-none-eabi-10-2020-q4-major/bin/../lib/gcc/arm-none-eabi/10.2.1/../../../../arm-none-eabi/lib/thumb/v7-m/nofp\libg.a(lib_a-mallocr.o)
                0x20000b0c                __malloc_max_sbrked_mem
 .bss.__malloc_max_total_mem
                0x20000b10        0x4 c:/gcc-arm-none-eabi-10-2020-q4-major/bin/../lib/gcc/arm-none-eabi/10.2.1/../../../../arm-none-eabi/lib/thumb/v7-m/nofp\libg.a(lib_a-mallocr.o)
                0x20000b10                __malloc_max_total_mem
 .bss.__malloc_top_pad
                0x20000b14        0x4 c:/gcc-arm-none-eabi-10-2020-q4-major/bin/../lib/gcc/arm-none-eabi/10.2.1/../../../../arm-none-eabi/lib/thumb/v7-m/nofp\libg.a(lib_a-mallocr.o)
                0x20000b14                __malloc_top_pad
 .bss.errno     0x20000b18        0x4 c:/gcc-arm-none-eabi-10-2020-q4-major/bin/../lib/gcc/arm-none-eabi/10.2.1/../../../../arm-none-eabi/lib/thumb/v7-m/nofp\libg.a(lib_a-reent.o)
                0x20000b18                errno
 *(COMMON)
                0x20000b1c                . = ALIGN (0x4)
                0x20000b1c                _ebss = .
                0x20000b1c                __bss_end__ = _ebss

._user_heap_stack
                0x20000b1c      0x604 load address 0x0800a084
                0x20000b20                . = ALIGN (0x8)
 *fill*         0x20000b1c        0x4 
                [!provide]                PROVIDE (end = .)
                0x20000b20                PROVIDE (_end = .)
                0x20000d20                . = (. + _Min_Heap_Size)
 *fill*         0x20000b20      0x200 
                0x20001120                . = (. + _Min_Stack_Size)
 *fill*         0x20000d20      0x400 
                0x20001120                . = ALIGN (0x8)

/DISCARD/
 libc.a(*)
 libm.a(*)
 libgcc.a(*)

.ARM.attributes
                0x00000000       0x29
 *(.ARM.attributes)
 .ARM.attributes
                0x00000000       0x1d c:/gcc-arm-none-eabi-10-2020-q4-major/bin/../lib/gcc/arm-none-eabi/10.2.1/thumb/v7-m/nofp/crti.o
 .ARM.attributes
                0x0000001d       0x2d c:/gcc-arm-none-eabi-10-2020-q4-major/bin/../lib/gcc/arm-none-eabi/10.2.1/thumb/v7-m/nofp/crtbegin.o
 .ARM.attributes
                0x0000004a       0x2d CMakeFiles/SkyFCS.elf.dir/Core/Src/ICM42688P.c.obj
 .ARM.attributes
                0x00000077       0x2d CMakeFiles/SkyFCS.elf.dir/Core/Src/gpio.c.obj
 .ARM.attributes
                0x000000a4       0x2d CMakeFiles/SkyFCS.elf.dir/Core/Src/main.c.obj
 .ARM.attributes
                0x000000d1       0x2d CMakeFiles/SkyFCS.elf.dir/Core/Src/spi.c.obj
 .ARM.attributes
                0x000000fe       0x2d CMakeFiles/SkyFCS.elf.dir/Core/Src/stm32f1xx_hal_msp.c.obj
 .ARM.attributes
                0x0000012b       0x2d CMakeFiles/SkyFCS.elf.dir/Core/Src/stm32f1xx_it.c.obj
 .ARM.attributes
                0x00000158       0x2d CMakeFiles/SkyFCS.elf.dir/Core/Src/syscalls.c.obj
 .ARM.attributes
                0x00000185       0x2d CMakeFiles/SkyFCS.elf.dir/Core/Src/sysmem.c.obj
 .ARM.attributes
                0x000001b2       0x2d CMakeFiles/SkyFCS.elf.dir/Core/Src/system_stm32f1xx.c.obj
 .ARM.attributes
                0x000001df       0x2d CMakeFiles/SkyFCS.elf.dir/Core/Src/tim.c.obj
 .ARM.attributes
                0x0000020c       0x2d CMakeFiles/SkyFCS.elf.dir/Core/Src/usart.c.obj
 .ARM.attributes
                0x00000239       0x21 CMakeFiles/SkyFCS.elf.dir/Core/Startup/startup_stm32f103c8tx.s.obj
 .ARM.attributes
                0x0000025a       0x2d CMakeFiles/SkyFCS.elf.dir/Drivers/STM32F1xx_HAL_Driver/Src/stm32f1xx_hal.c.obj
 .ARM.attributes
                0x00000287       0x2d CMakeFiles/SkyFCS.elf.dir/Drivers/STM32F1xx_HAL_Driver/Src/stm32f1xx_hal_cortex.c.obj
 .ARM.attributes
                0x000002b4       0x2d CMakeFiles/SkyFCS.elf.dir/Drivers/STM32F1xx_HAL_Driver/Src/stm32f1xx_hal_gpio.c.obj
 .ARM.attributes
                0x000002e1       0x2d CMakeFiles/SkyFCS.elf.dir/Drivers/STM32F1xx_HAL_Driver/Src/stm32f1xx_hal_rcc.c.obj
 .ARM.attributes
                0x0000030e       0x2d CMakeFiles/SkyFCS.elf.dir/Drivers/STM32F1xx_HAL_Driver/Src/stm32f1xx_hal_spi.c.obj
 .ARM.attributes
                0x0000033b       0x2d CMakeFiles/SkyFCS.elf.dir/Drivers/STM32F1xx_HAL_Driver/Src/stm32f1xx_hal_tim.c.obj
 .ARM.attributes
                0x00000368       0x2d CMakeFiles/SkyFCS.elf.dir/Drivers/STM32F1xx_HAL_Driver/Src/stm32f1xx_hal_tim_ex.c.obj
 .ARM.attributes
                0x00000395       0x2d CMakeFiles/SkyFCS.elf.dir/Drivers/STM32F1xx_HAL_Driver/Src/stm32f1xx_hal_uart.c.obj
 .ARM.attributes
                0x000003c2       0x1d c:/gcc-arm-none-eabi-10-2020-q4-major/bin/../lib/gcc/arm-none-eabi/10.2.1/thumb/v7-m/nofp\libgcc.a(_arm_addsubdf3.o)
 .ARM.attributes
                0x000003df       0x1d c:/gcc-arm-none-eabi-10-2020-q4-major/bin/../lib/gcc/arm-none-eabi/10.2.1/thumb/v7-m/nofp\libgcc.a(_arm_addsubsf3.o)
 .ARM.attributes
                0x000003fc       0x1d c:/gcc-arm-none-eabi-10-2020-q4-major/bin/../lib/gcc/arm-none-eabi/10.2.1/thumb/v7-m/nofp\libgcc.a(_arm_muldivsf3.o)
 .ARM.attributes
                0x00000419       0x2d c:/gcc-arm-none-eabi-10-2020-q4-major/bin/../lib/gcc/arm-none-eabi/10.2.1/../../../../arm-none-eabi/lib/thumb/v7-m/nofp\libg.a(lib_a-errno.o)
 .ARM.attributes
                0x00000446       0x2d c:/gcc-arm-none-eabi-10-2020-q4-major/bin/../lib/gcc/arm-none-eabi/10.2.1/../../../../arm-none-eabi/lib/thumb/v7-m/nofp\libg.a(lib_a-impure.o)
 .ARM.attributes
                0x00000473       0x2d c:/gcc-arm-none-eabi-10-2020-q4-major/bin/../lib/gcc/arm-none-eabi/10.2.1/../../../../arm-none-eabi/lib/thumb/v7-m/nofp\libg.a(lib_a-init.o)
 .ARM.attributes
                0x000004a0       0x2d c:/gcc-arm-none-eabi-10-2020-q4-major/bin/../lib/gcc/arm-none-eabi/10.2.1/../../../../arm-none-eabi/lib/thumb/v7-m/nofp\libg.a(lib_a-memset.o)
 .ARM.attributes
                0x000004cd       0x2d c:/gcc-arm-none-eabi-10-2020-q4-major/bin/../lib/gcc/arm-none-eabi/10.2.1/../../../../arm-none-eabi/lib/thumb/v7-m/nofp\libg.a(lib_a-printf.o)
 .ARM.attributes
                0x000004fa       0x2d c:/gcc-arm-none-eabi-10-2020-q4-major/bin/../lib/gcc/arm-none-eabi/10.2.1/../../../../arm-none-eabi/lib/thumb/v7-m/nofp\libg.a(lib_a-vfprintf.o)
 .ARM.attributes
                0x00000527       0x2d c:/gcc-arm-none-eabi-10-2020-q4-major/bin/../lib/gcc/arm-none-eabi/10.2.1/../../../../arm-none-eabi/lib/thumb/v7-m/nofp\libg.a(lib_a-wsetup.o)
 .ARM.attributes
                0x00000554       0x2d c:/gcc-arm-none-eabi-10-2020-q4-major/bin/../lib/gcc/arm-none-eabi/10.2.1/../../../../arm-none-eabi/lib/thumb/v7-m/nofp\libg.a(lib_a-__call_atexit.o)
 .ARM.attributes
                0x00000581       0x2d c:/gcc-arm-none-eabi-10-2020-q4-major/bin/../lib/gcc/arm-none-eabi/10.2.1/../../../../arm-none-eabi/lib/thumb/v7-m/nofp\libg.a(lib_a-atexit.o)
 .ARM.attributes
                0x000005ae       0x2d c:/gcc-arm-none-eabi-10-2020-q4-major/bin/../lib/gcc/arm-none-eabi/10.2.1/../../../../arm-none-eabi/lib/thumb/v7-m/nofp\libg.a(lib_a-dtoa.o)
 .ARM.attributes
                0x000005db       0x2d c:/gcc-arm-none-eabi-10-2020-q4-major/bin/../lib/gcc/arm-none-eabi/10.2.1/../../../../arm-none-eabi/lib/thumb/v7-m/nofp\libg.a(lib_a-fflush.o)
 .ARM.attributes
                0x00000608       0x2d c:/gcc-arm-none-eabi-10-2020-q4-major/bin/../lib/gcc/arm-none-eabi/10.2.1/../../../../arm-none-eabi/lib/thumb/v7-m/nofp\libg.a(lib_a-findfp.o)
 .ARM.attributes
                0x00000635       0x2d c:/gcc-arm-none-eabi-10-2020-q4-major/bin/../lib/gcc/arm-none-eabi/10.2.1/../../../../arm-none-eabi/lib/thumb/v7-m/nofp\libg.a(lib_a-fini.o)
 .ARM.attributes
                0x00000662       0x2d c:/gcc-arm-none-eabi-10-2020-q4-major/bin/../lib/gcc/arm-none-eabi/10.2.1/../../../../arm-none-eabi/lib/thumb/v7-m/nofp\libg.a(lib_a-freer.o)
 .ARM.attributes
                0x0000068f       0x2d c:/gcc-arm-none-eabi-10-2020-q4-major/bin/../lib/gcc/arm-none-eabi/10.2.1/../../../../arm-none-eabi/lib/thumb/v7-m/nofp\libg.a(lib_a-fwalk.o)
 .ARM.attributes
                0x000006bc       0x2d c:/gcc-arm-none-eabi-10-2020-q4-major/bin/../lib/gcc/arm-none-eabi/10.2.1/../../../../arm-none-eabi/lib/thumb/v7-m/nofp\libg.a(lib_a-localeconv.o)
 .ARM.attributes
                0x000006e9       0x2d c:/gcc-arm-none-eabi-10-2020-q4-major/bin/../lib/gcc/arm-none-eabi/10.2.1/../../../../arm-none-eabi/lib/thumb/v7-m/nofp\libg.a(lib_a-lock.o)
 .ARM.attributes
                0x00000716       0x2d c:/gcc-arm-none-eabi-10-2020-q4-major/bin/../lib/gcc/arm-none-eabi/10.2.1/../../../../arm-none-eabi/lib/thumb/v7-m/nofp\libg.a(lib_a-makebuf.o)
 .ARM.attributes
                0x00000743       0x2d c:/gcc-arm-none-eabi-10-2020-q4-major/bin/../lib/gcc/arm-none-eabi/10.2.1/../../../../arm-none-eabi/lib/thumb/v7-m/nofp\libg.a(lib_a-mallocr.o)
 .ARM.attributes
                0x00000770       0x2d c:/gcc-arm-none-eabi-10-2020-q4-major/bin/../lib/gcc/arm-none-eabi/10.2.1/../../../../arm-none-eabi/lib/thumb/v7-m/nofp\libg.a(lib_a-memchr-stub.o)
 .ARM.attributes
                0x0000079d       0x1b c:/gcc-arm-none-eabi-10-2020-q4-major/bin/../lib/gcc/arm-none-eabi/10.2.1/../../../../arm-none-eabi/lib/thumb/v7-m/nofp\libg.a(lib_a-memcpy.o)
 .ARM.attributes
                0x000007b8       0x2d c:/gcc-arm-none-eabi-10-2020-q4-major/bin/../lib/gcc/arm-none-eabi/10.2.1/../../../../arm-none-eabi/lib/thumb/v7-m/nofp\libg.a(lib_a-mlock.o)
 .ARM.attributes
                0x000007e5       0x2d c:/gcc-arm-none-eabi-10-2020-q4-major/bin/../lib/gcc/arm-none-eabi/10.2.1/../../../../arm-none-eabi/lib/thumb/v7-m/nofp\libg.a(lib_a-mprec.o)
 .ARM.attributes
                0x00000812       0x2d c:/gcc-arm-none-eabi-10-2020-q4-major/bin/../lib/gcc/arm-none-eabi/10.2.1/../../../../arm-none-eabi/lib/thumb/v7-m/nofp\libg.a(lib_a-s_frexp.o)
 .ARM.attributes
                0x0000083f       0x2d c:/gcc-arm-none-eabi-10-2020-q4-major/bin/../lib/gcc/arm-none-eabi/10.2.1/../../../../arm-none-eabi/lib/thumb/v7-m/nofp\libg.a(lib_a-sbrkr.o)
 .ARM.attributes
                0x0000086c       0x2d c:/gcc-arm-none-eabi-10-2020-q4-major/bin/../lib/gcc/arm-none-eabi/10.2.1/../../../../arm-none-eabi/lib/thumb/v7-m/nofp\libg.a(lib_a-stdio.o)
 .ARM.attributes
                0x00000899       0x2d c:/gcc-arm-none-eabi-10-2020-q4-major/bin/../lib/gcc/arm-none-eabi/10.2.1/../../../../arm-none-eabi/lib/thumb/v7-m/nofp\libg.a(lib_a-strlen-stub.o)
 .ARM.attributes
                0x000008c6       0x2d c:/gcc-arm-none-eabi-10-2020-q4-major/bin/../lib/gcc/arm-none-eabi/10.2.1/../../../../arm-none-eabi/lib/thumb/v7-m/nofp\libg.a(lib_a-strncpy.o)
 .ARM.attributes
                0x000008f3       0x2d c:/gcc-arm-none-eabi-10-2020-q4-major/bin/../lib/gcc/arm-none-eabi/10.2.1/../../../../arm-none-eabi/lib/thumb/v7-m/nofp\libg.a(lib_a-vfiprintf.o)
 .ARM.attributes
                0x00000920       0x2d c:/gcc-arm-none-eabi-10-2020-q4-major/bin/../lib/gcc/arm-none-eabi/10.2.1/../../../../arm-none-eabi/lib/thumb/v7-m/nofp\libg.a(lib_a-writer.o)
 .ARM.attributes
                0x0000094d       0x2d c:/gcc-arm-none-eabi-10-2020-q4-major/bin/../lib/gcc/arm-none-eabi/10.2.1/../../../../arm-none-eabi/lib/thumb/v7-m/nofp\libg.a(lib_a-__atexit.o)
 .ARM.attributes
                0x0000097a       0x2d c:/gcc-arm-none-eabi-10-2020-q4-major/bin/../lib/gcc/arm-none-eabi/10.2.1/../../../../arm-none-eabi/lib/thumb/v7-m/nofp\libg.a(lib_a-assert.o)
 .ARM.attributes
                0x000009a7       0x2d c:/gcc-arm-none-eabi-10-2020-q4-major/bin/../lib/gcc/arm-none-eabi/10.2.1/../../../../arm-none-eabi/lib/thumb/v7-m/nofp\libg.a(lib_a-callocr.o)
 .ARM.attributes
                0x000009d4       0x2d c:/gcc-arm-none-eabi-10-2020-q4-major/bin/../lib/gcc/arm-none-eabi/10.2.1/../../../../arm-none-eabi/lib/thumb/v7-m/nofp\libg.a(lib_a-closer.o)
 .ARM.attributes
                0x00000a01       0x2d c:/gcc-arm-none-eabi-10-2020-q4-major/bin/../lib/gcc/arm-none-eabi/10.2.1/../../../../arm-none-eabi/lib/thumb/v7-m/nofp\libg.a(lib_a-fclose.o)
 .ARM.attributes
                0x00000a2e       0x2d c:/gcc-arm-none-eabi-10-2020-q4-major/bin/../lib/gcc/arm-none-eabi/10.2.1/../../../../arm-none-eabi/lib/thumb/v7-m/nofp\libg.a(lib_a-fiprintf.o)
 .ARM.attributes
                0x00000a5b       0x2d c:/gcc-arm-none-eabi-10-2020-q4-major/bin/../lib/gcc/arm-none-eabi/10.2.1/../../../../arm-none-eabi/lib/thumb/v7-m/nofp\libg.a(lib_a-fputwc.o)
 .ARM.attributes
                0x00000a88       0x2d c:/gcc-arm-none-eabi-10-2020-q4-major/bin/../lib/gcc/arm-none-eabi/10.2.1/../../../../arm-none-eabi/lib/thumb/v7-m/nofp\libg.a(lib_a-fstatr.o)
 .ARM.attributes
                0x00000ab5       0x2d c:/gcc-arm-none-eabi-10-2020-q4-major/bin/../lib/gcc/arm-none-eabi/10.2.1/../../../../arm-none-eabi/lib/thumb/v7-m/nofp\libg.a(lib_a-fvwrite.o)
 .ARM.attributes
                0x00000ae2       0x2d c:/gcc-arm-none-eabi-10-2020-q4-major/bin/../lib/gcc/arm-none-eabi/10.2.1/../../../../arm-none-eabi/lib/thumb/v7-m/nofp\libg.a(lib_a-isattyr.o)
 .ARM.attributes
                0x00000b0f       0x2d c:/gcc-arm-none-eabi-10-2020-q4-major/bin/../lib/gcc/arm-none-eabi/10.2.1/../../../../arm-none-eabi/lib/thumb/v7-m/nofp\libg.a(lib_a-locale.o)
 .ARM.attributes
                0x00000b3c       0x2d c:/gcc-arm-none-eabi-10-2020-q4-major/bin/../lib/gcc/arm-none-eabi/10.2.1/../../../../arm-none-eabi/lib/thumb/v7-m/nofp\libg.a(lib_a-lseekr.o)
 .ARM.attributes
                0x00000b69       0x2d c:/gcc-arm-none-eabi-10-2020-q4-major/bin/../lib/gcc/arm-none-eabi/10.2.1/../../../../arm-none-eabi/lib/thumb/v7-m/nofp\libg.a(lib_a-mbtowc_r.o)
 .ARM.attributes
                0x00000b96       0x2d c:/gcc-arm-none-eabi-10-2020-q4-major/bin/../lib/gcc/arm-none-eabi/10.2.1/../../../../arm-none-eabi/lib/thumb/v7-m/nofp\libg.a(lib_a-memmove.o)
 .ARM.attributes
                0x00000bc3       0x2d c:/gcc-arm-none-eabi-10-2020-q4-major/bin/../lib/gcc/arm-none-eabi/10.2.1/../../../../arm-none-eabi/lib/thumb/v7-m/nofp\libg.a(lib_a-readr.o)
 .ARM.attributes
                0x00000bf0       0x2d c:/gcc-arm-none-eabi-10-2020-q4-major/bin/../lib/gcc/arm-none-eabi/10.2.1/../../../../arm-none-eabi/lib/thumb/v7-m/nofp\libg.a(lib_a-reallocr.o)
 .ARM.attributes
                0x00000c1d       0x2d c:/gcc-arm-none-eabi-10-2020-q4-major/bin/../lib/gcc/arm-none-eabi/10.2.1/../../../../arm-none-eabi/lib/thumb/v7-m/nofp\libg.a(lib_a-reent.o)
 .ARM.attributes
                0x00000c4a       0x2d c:/gcc-arm-none-eabi-10-2020-q4-major/bin/../lib/gcc/arm-none-eabi/10.2.1/../../../../arm-none-eabi/lib/thumb/v7-m/nofp\libg.a(lib_a-wbuf.o)
 .ARM.attributes
                0x00000c77       0x2d c:/gcc-arm-none-eabi-10-2020-q4-major/bin/../lib/gcc/arm-none-eabi/10.2.1/../../../../arm-none-eabi/lib/thumb/v7-m/nofp\libg.a(lib_a-wcrtomb.o)
 .ARM.attributes
                0x00000ca4       0x2d c:/gcc-arm-none-eabi-10-2020-q4-major/bin/../lib/gcc/arm-none-eabi/10.2.1/../../../../arm-none-eabi/lib/thumb/v7-m/nofp\libg.a(lib_a-wctomb_r.o)
 .ARM.attributes
                0x00000cd1       0x2d c:/gcc-arm-none-eabi-10-2020-q4-major/bin/../lib/gcc/arm-none-eabi/10.2.1/../../../../arm-none-eabi/lib/thumb/v7-m/nofp\libg.a(lib_a-abort.o)
 .ARM.attributes
                0x00000cfe       0x2d c:/gcc-arm-none-eabi-10-2020-q4-major/bin/../lib/gcc/arm-none-eabi/10.2.1/../../../../arm-none-eabi/lib/thumb/v7-m/nofp\libg.a(lib_a-ctype_.o)
 .ARM.attributes
                0x00000d2b       0x2d c:/gcc-arm-none-eabi-10-2020-q4-major/bin/../lib/gcc/arm-none-eabi/10.2.1/../../../../arm-none-eabi/lib/thumb/v7-m/nofp\libg.a(lib_a-signal.o)
 .ARM.attributes
                0x00000d58       0x2d c:/gcc-arm-none-eabi-10-2020-q4-major/bin/../lib/gcc/arm-none-eabi/10.2.1/../../../../arm-none-eabi/lib/thumb/v7-m/nofp\libg.a(lib_a-signalr.o)
 .ARM.attributes
                0x00000d85       0x1d c:/gcc-arm-none-eabi-10-2020-q4-major/bin/../lib/gcc/arm-none-eabi/10.2.1/thumb/v7-m/nofp\libgcc.a(_arm_muldivdf3.o)
 .ARM.attributes
                0x00000da2       0x1d c:/gcc-arm-none-eabi-10-2020-q4-major/bin/../lib/gcc/arm-none-eabi/10.2.1/thumb/v7-m/nofp\libgcc.a(_arm_cmpdf2.o)
 .ARM.attributes
                0x00000dbf       0x1d c:/gcc-arm-none-eabi-10-2020-q4-major/bin/../lib/gcc/arm-none-eabi/10.2.1/thumb/v7-m/nofp\libgcc.a(_arm_unorddf2.o)
 .ARM.attributes
                0x00000ddc       0x1d c:/gcc-arm-none-eabi-10-2020-q4-major/bin/../lib/gcc/arm-none-eabi/10.2.1/thumb/v7-m/nofp\libgcc.a(_arm_fixdfsi.o)
 .ARM.attributes
                0x00000df9       0x1d c:/gcc-arm-none-eabi-10-2020-q4-major/bin/../lib/gcc/arm-none-eabi/10.2.1/thumb/v7-m/nofp\libgcc.a(_aeabi_uldivmod.o)
 .ARM.attributes
                0x00000e16       0x2d c:/gcc-arm-none-eabi-10-2020-q4-major/bin/../lib/gcc/arm-none-eabi/10.2.1/thumb/v7-m/nofp\libgcc.a(_udivmoddi4.o)
 .ARM.attributes
                0x00000e43       0x1d c:/gcc-arm-none-eabi-10-2020-q4-major/bin/../lib/gcc/arm-none-eabi/10.2.1/thumb/v7-m/nofp\libgcc.a(_dvmd_tls.o)
 .ARM.attributes
                0x00000e60       0x1d c:/gcc-arm-none-eabi-10-2020-q4-major/bin/../lib/gcc/arm-none-eabi/10.2.1/thumb/v7-m/nofp/crtn.o
OUTPUT(SkyFCS.elf elf32-littlearm)
LOAD linker stubs
LOAD c:/gcc-arm-none-eabi-10-2020-q4-major/bin/../lib/gcc/arm-none-eabi/10.2.1/../../../../arm-none-eabi/lib/thumb/v7-m/nofp\libc.a
LOAD c:/gcc-arm-none-eabi-10-2020-q4-major/bin/../lib/gcc/arm-none-eabi/10.2.1/../../../../arm-none-eabi/lib/thumb/v7-m/nofp\libm.a
LOAD c:/gcc-arm-none-eabi-10-2020-q4-major/bin/../lib/gcc/arm-none-eabi/10.2.1/thumb/v7-m/nofp\libgcc.a

.debug_info     0x00000000    0x12907
 .debug_info    0x00000000      0xb58 CMakeFiles/SkyFCS.elf.dir/Core/Src/ICM42688P.c.obj
 .debug_info    0x00000b58      0x34c CMakeFiles/SkyFCS.elf.dir/Core/Src/gpio.c.obj
 .debug_info    0x00000ea4      0xee7 CMakeFiles/SkyFCS.elf.dir/Core/Src/main.c.obj
 .debug_info    0x00001d8b      0x87e CMakeFiles/SkyFCS.elf.dir/Core/Src/spi.c.obj
 .debug_info    0x00002609      0x211 CMakeFiles/SkyFCS.elf.dir/Core/Src/stm32f1xx_hal_msp.c.obj
 .debug_info    0x0000281a      0x6ff CMakeFiles/SkyFCS.elf.dir/Core/Src/stm32f1xx_it.c.obj
 .debug_info    0x00002f19      0x7af CMakeFiles/SkyFCS.elf.dir/Core/Src/syscalls.c.obj
 .debug_info    0x000036c8      0x174 CMakeFiles/SkyFCS.elf.dir/Core/Src/sysmem.c.obj
 .debug_info    0x0000383c      0x248 CMakeFiles/SkyFCS.elf.dir/Core/Src/system_stm32f1xx.c.obj
 .debug_info    0x00003a84      0xa5c CMakeFiles/SkyFCS.elf.dir/Core/Src/tim.c.obj
 .debug_info    0x000044e0      0x855 CMakeFiles/SkyFCS.elf.dir/Core/Src/usart.c.obj
 .debug_info    0x00004d35       0x22 CMakeFiles/SkyFCS.elf.dir/Core/Startup/startup_stm32f103c8tx.s.obj
 .debug_info    0x00004d57      0x7a8 CMakeFiles/SkyFCS.elf.dir/Drivers/STM32F1xx_HAL_Driver/Src/stm32f1xx_hal.c.obj
 .debug_info    0x000054ff      0xd8a CMakeFiles/SkyFCS.elf.dir/Drivers/STM32F1xx_HAL_Driver/Src/stm32f1xx_hal_cortex.c.obj
 .debug_info    0x00006289      0x66f CMakeFiles/SkyFCS.elf.dir/Drivers/STM32F1xx_HAL_Driver/Src/stm32f1xx_hal_gpio.c.obj
 .debug_info    0x000068f8      0xa3b CMakeFiles/SkyFCS.elf.dir/Drivers/STM32F1xx_HAL_Driver/Src/stm32f1xx_hal_rcc.c.obj
 .debug_info    0x00007333     0x1c88 CMakeFiles/SkyFCS.elf.dir/Drivers/STM32F1xx_HAL_Driver/Src/stm32f1xx_hal_spi.c.obj
 .debug_info    0x00008fbb     0x3d7c CMakeFiles/SkyFCS.elf.dir/Drivers/STM32F1xx_HAL_Driver/Src/stm32f1xx_hal_tim.c.obj
 .debug_info    0x0000cd37     0x1abb CMakeFiles/SkyFCS.elf.dir/Drivers/STM32F1xx_HAL_Driver/Src/stm32f1xx_hal_tim_ex.c.obj
 .debug_info    0x0000e7f2     0x4115 CMakeFiles/SkyFCS.elf.dir/Drivers/STM32F1xx_HAL_Driver/Src/stm32f1xx_hal_uart.c.obj

.debug_abbrev   0x00000000     0x24dc
 .debug_abbrev  0x00000000      0x23b CMakeFiles/SkyFCS.elf.dir/Core/Src/ICM42688P.c.obj
 .debug_abbrev  0x0000023b      0x13c CMakeFiles/SkyFCS.elf.dir/Core/Src/gpio.c.obj
 .debug_abbrev  0x00000377      0x28d CMakeFiles/SkyFCS.elf.dir/Core/Src/main.c.obj
 .debug_abbrev  0x00000604      0x1c8 CMakeFiles/SkyFCS.elf.dir/Core/Src/spi.c.obj
 .debug_abbrev  0x000007cc       0xe5 CMakeFiles/SkyFCS.elf.dir/Core/Src/stm32f1xx_hal_msp.c.obj
 .debug_abbrev  0x000008b1      0x179 CMakeFiles/SkyFCS.elf.dir/Core/Src/stm32f1xx_it.c.obj
 .debug_abbrev  0x00000a2a      0x1a3 CMakeFiles/SkyFCS.elf.dir/Core/Src/syscalls.c.obj
 .debug_abbrev  0x00000bcd       0xe7 CMakeFiles/SkyFCS.elf.dir/Core/Src/sysmem.c.obj
 .debug_abbrev  0x00000cb4      0x13e CMakeFiles/SkyFCS.elf.dir/Core/Src/system_stm32f1xx.c.obj
 .debug_abbrev  0x00000df2      0x1de CMakeFiles/SkyFCS.elf.dir/Core/Src/tim.c.obj
 .debug_abbrev  0x00000fd0      0x1c8 CMakeFiles/SkyFCS.elf.dir/Core/Src/usart.c.obj
 .debug_abbrev  0x00001198       0x12 CMakeFiles/SkyFCS.elf.dir/Core/Startup/startup_stm32f103c8tx.s.obj
 .debug_abbrev  0x000011aa      0x1f4 CMakeFiles/SkyFCS.elf.dir/Drivers/STM32F1xx_HAL_Driver/Src/stm32f1xx_hal.c.obj
 .debug_abbrev  0x0000139e      0x341 CMakeFiles/SkyFCS.elf.dir/Drivers/STM32F1xx_HAL_Driver/Src/stm32f1xx_hal_cortex.c.obj
 .debug_abbrev  0x000016df      0x1e6 CMakeFiles/SkyFCS.elf.dir/Drivers/STM32F1xx_HAL_Driver/Src/stm32f1xx_hal_gpio.c.obj
 .debug_abbrev  0x000018c5      0x27a CMakeFiles/SkyFCS.elf.dir/Drivers/STM32F1xx_HAL_Driver/Src/stm32f1xx_hal_rcc.c.obj
 .debug_abbrev  0x00001b3f      0x233 CMakeFiles/SkyFCS.elf.dir/Drivers/STM32F1xx_HAL_Driver/Src/stm32f1xx_hal_spi.c.obj
 .debug_abbrev  0x00001d72      0x245 CMakeFiles/SkyFCS.elf.dir/Drivers/STM32F1xx_HAL_Driver/Src/stm32f1xx_hal_tim.c.obj
 .debug_abbrev  0x00001fb7      0x248 CMakeFiles/SkyFCS.elf.dir/Drivers/STM32F1xx_HAL_Driver/Src/stm32f1xx_hal_tim_ex.c.obj
 .debug_abbrev  0x000021ff      0x2dd CMakeFiles/SkyFCS.elf.dir/Drivers/STM32F1xx_HAL_Driver/Src/stm32f1xx_hal_uart.c.obj

.debug_loc      0x00000000     0xec9c
 .debug_loc     0x00000000      0x24f CMakeFiles/SkyFCS.elf.dir/Core/Src/ICM42688P.c.obj
 .debug_loc     0x0000024f       0xd1 CMakeFiles/SkyFCS.elf.dir/Core/Src/main.c.obj
 .debug_loc     0x00000320       0x84 CMakeFiles/SkyFCS.elf.dir/Core/Src/spi.c.obj
 .debug_loc     0x000003a4       0x15 CMakeFiles/SkyFCS.elf.dir/Core/Src/stm32f1xx_hal_msp.c.obj
 .debug_loc     0x000003b9      0x3c5 CMakeFiles/SkyFCS.elf.dir/Core/Src/syscalls.c.obj
 .debug_loc     0x0000077e       0x64 CMakeFiles/SkyFCS.elf.dir/Core/Src/sysmem.c.obj
 .debug_loc     0x000007e2       0xff CMakeFiles/SkyFCS.elf.dir/Core/Src/system_stm32f1xx.c.obj
 .debug_loc     0x000008e1       0x67 CMakeFiles/SkyFCS.elf.dir/Core/Src/tim.c.obj
 .debug_loc     0x00000948       0x84 CMakeFiles/SkyFCS.elf.dir/Core/Src/usart.c.obj
 .debug_loc     0x000009cc      0x141 CMakeFiles/SkyFCS.elf.dir/Drivers/STM32F1xx_HAL_Driver/Src/stm32f1xx_hal.c.obj
 .debug_loc     0x00000b0d      0x71f CMakeFiles/SkyFCS.elf.dir/Drivers/STM32F1xx_HAL_Driver/Src/stm32f1xx_hal_cortex.c.obj
 .debug_loc     0x0000122c      0x47d CMakeFiles/SkyFCS.elf.dir/Drivers/STM32F1xx_HAL_Driver/Src/stm32f1xx_hal_gpio.c.obj
 .debug_loc     0x000016a9      0x618 CMakeFiles/SkyFCS.elf.dir/Drivers/STM32F1xx_HAL_Driver/Src/stm32f1xx_hal_rcc.c.obj
 .debug_loc     0x00001cc1     0x1b69 CMakeFiles/SkyFCS.elf.dir/Drivers/STM32F1xx_HAL_Driver/Src/stm32f1xx_hal_spi.c.obj
 .debug_loc     0x0000382a     0x5124 CMakeFiles/SkyFCS.elf.dir/Drivers/STM32F1xx_HAL_Driver/Src/stm32f1xx_hal_tim.c.obj
 .debug_loc     0x0000894e     0x1c93 CMakeFiles/SkyFCS.elf.dir/Drivers/STM32F1xx_HAL_Driver/Src/stm32f1xx_hal_tim_ex.c.obj
 .debug_loc     0x0000a5e1     0x46bb CMakeFiles/SkyFCS.elf.dir/Drivers/STM32F1xx_HAL_Driver/Src/stm32f1xx_hal_uart.c.obj

.debug_aranges  0x00000000      0xe50
 .debug_aranges
                0x00000000       0x48 CMakeFiles/SkyFCS.elf.dir/Core/Src/ICM42688P.c.obj
 .debug_aranges
                0x00000048       0x20 CMakeFiles/SkyFCS.elf.dir/Core/Src/gpio.c.obj
 .debug_aranges
                0x00000068       0x50 CMakeFiles/SkyFCS.elf.dir/Core/Src/main.c.obj
 .debug_aranges
                0x000000b8       0x30 CMakeFiles/SkyFCS.elf.dir/Core/Src/spi.c.obj
 .debug_aranges
                0x000000e8       0x20 CMakeFiles/SkyFCS.elf.dir/Core/Src/stm32f1xx_hal_msp.c.obj
 .debug_aranges
                0x00000108       0x68 CMakeFiles/SkyFCS.elf.dir/Core/Src/stm32f1xx_it.c.obj
 .debug_aranges
                0x00000170       0xa8 CMakeFiles/SkyFCS.elf.dir/Core/Src/syscalls.c.obj
 .debug_aranges
                0x00000218       0x20 CMakeFiles/SkyFCS.elf.dir/Core/Src/sysmem.c.obj
 .debug_aranges
                0x00000238       0x28 CMakeFiles/SkyFCS.elf.dir/Core/Src/system_stm32f1xx.c.obj
 .debug_aranges
                0x00000260       0x30 CMakeFiles/SkyFCS.elf.dir/Core/Src/tim.c.obj
 .debug_aranges
                0x00000290       0x30 CMakeFiles/SkyFCS.elf.dir/Core/Src/usart.c.obj
 .debug_aranges
                0x000002c0       0x28 CMakeFiles/SkyFCS.elf.dir/Core/Startup/startup_stm32f103c8tx.s.obj
 .debug_aranges
                0x000002e8       0xe0 CMakeFiles/SkyFCS.elf.dir/Drivers/STM32F1xx_HAL_Driver/Src/stm32f1xx_hal.c.obj
 .debug_aranges
                0x000003c8       0x90 CMakeFiles/SkyFCS.elf.dir/Drivers/STM32F1xx_HAL_Driver/Src/stm32f1xx_hal_cortex.c.obj
 .debug_aranges
                0x00000458       0x58 CMakeFiles/SkyFCS.elf.dir/Drivers/STM32F1xx_HAL_Driver/Src/stm32f1xx_hal_gpio.c.obj
 .debug_aranges
                0x000004b0       0x90 CMakeFiles/SkyFCS.elf.dir/Drivers/STM32F1xx_HAL_Driver/Src/stm32f1xx_hal_rcc.c.obj
 .debug_aranges
                0x00000540      0x1d0 CMakeFiles/SkyFCS.elf.dir/Drivers/STM32F1xx_HAL_Driver/Src/stm32f1xx_hal_spi.c.obj
 .debug_aranges
                0x00000710      0x3d0 CMakeFiles/SkyFCS.elf.dir/Drivers/STM32F1xx_HAL_Driver/Src/stm32f1xx_hal_tim.c.obj
 .debug_aranges
                0x00000ae0      0x168 CMakeFiles/SkyFCS.elf.dir/Drivers/STM32F1xx_HAL_Driver/Src/stm32f1xx_hal_tim_ex.c.obj
 .debug_aranges
                0x00000c48      0x208 CMakeFiles/SkyFCS.elf.dir/Drivers/STM32F1xx_HAL_Driver/Src/stm32f1xx_hal_uart.c.obj

.debug_ranges   0x00000000      0xdb0
 .debug_ranges  0x00000000       0x38 CMakeFiles/SkyFCS.elf.dir/Core/Src/ICM42688P.c.obj
 .debug_ranges  0x00000038       0x10 CMakeFiles/SkyFCS.elf.dir/Core/Src/gpio.c.obj
 .debug_ranges  0x00000048       0x40 CMakeFiles/SkyFCS.elf.dir/Core/Src/main.c.obj
 .debug_ranges  0x00000088       0x20 CMakeFiles/SkyFCS.elf.dir/Core/Src/spi.c.obj
 .debug_ranges  0x000000a8       0x10 CMakeFiles/SkyFCS.elf.dir/Core/Src/stm32f1xx_hal_msp.c.obj
 .debug_ranges  0x000000b8       0x58 CMakeFiles/SkyFCS.elf.dir/Core/Src/stm32f1xx_it.c.obj
 .debug_ranges  0x00000110       0x98 CMakeFiles/SkyFCS.elf.dir/Core/Src/syscalls.c.obj
 .debug_ranges  0x000001a8       0x10 CMakeFiles/SkyFCS.elf.dir/Core/Src/sysmem.c.obj
 .debug_ranges  0x000001b8       0x18 CMakeFiles/SkyFCS.elf.dir/Core/Src/system_stm32f1xx.c.obj
 .debug_ranges  0x000001d0       0x20 CMakeFiles/SkyFCS.elf.dir/Core/Src/tim.c.obj
 .debug_ranges  0x000001f0       0x20 CMakeFiles/SkyFCS.elf.dir/Core/Src/usart.c.obj
 .debug_ranges  0x00000210       0x20 CMakeFiles/SkyFCS.elf.dir/Core/Startup/startup_stm32f103c8tx.s.obj
 .debug_ranges  0x00000230       0xd0 CMakeFiles/SkyFCS.elf.dir/Drivers/STM32F1xx_HAL_Driver/Src/stm32f1xx_hal.c.obj
 .debug_ranges  0x00000300       0xe0 CMakeFiles/SkyFCS.elf.dir/Drivers/STM32F1xx_HAL_Driver/Src/stm32f1xx_hal_cortex.c.obj
 .debug_ranges  0x000003e0       0x48 CMakeFiles/SkyFCS.elf.dir/Drivers/STM32F1xx_HAL_Driver/Src/stm32f1xx_hal_gpio.c.obj
 .debug_ranges  0x00000428       0xa0 CMakeFiles/SkyFCS.elf.dir/Drivers/STM32F1xx_HAL_Driver/Src/stm32f1xx_hal_rcc.c.obj
 .debug_ranges  0x000004c8      0x1c0 CMakeFiles/SkyFCS.elf.dir/Drivers/STM32F1xx_HAL_Driver/Src/stm32f1xx_hal_spi.c.obj
 .debug_ranges  0x00000688      0x3c0 CMakeFiles/SkyFCS.elf.dir/Drivers/STM32F1xx_HAL_Driver/Src/stm32f1xx_hal_tim.c.obj
 .debug_ranges  0x00000a48      0x158 CMakeFiles/SkyFCS.elf.dir/Drivers/STM32F1xx_HAL_Driver/Src/stm32f1xx_hal_tim_ex.c.obj
 .debug_ranges  0x00000ba0      0x210 CMakeFiles/SkyFCS.elf.dir/Drivers/STM32F1xx_HAL_Driver/Src/stm32f1xx_hal_uart.c.obj

.debug_line     0x00000000    0x10ff4
 .debug_line    0x00000000      0x44c CMakeFiles/SkyFCS.elf.dir/Core/Src/ICM42688P.c.obj
 .debug_line    0x0000044c      0x227 CMakeFiles/SkyFCS.elf.dir/Core/Src/gpio.c.obj
 .debug_line    0x00000673      0x568 CMakeFiles/SkyFCS.elf.dir/Core/Src/main.c.obj
 .debug_line    0x00000bdb      0x35c CMakeFiles/SkyFCS.elf.dir/Core/Src/spi.c.obj
 .debug_line    0x00000f37      0x189 CMakeFiles/SkyFCS.elf.dir/Core/Src/stm32f1xx_hal_msp.c.obj
 .debug_line    0x000010c0      0x318 CMakeFiles/SkyFCS.elf.dir/Core/Src/stm32f1xx_it.c.obj
 .debug_line    0x000013d8      0x3f4 CMakeFiles/SkyFCS.elf.dir/Core/Src/syscalls.c.obj
 .debug_line    0x000017cc      0x1bc CMakeFiles/SkyFCS.elf.dir/Core/Src/sysmem.c.obj
 .debug_line    0x00001988      0x252 CMakeFiles/SkyFCS.elf.dir/Core/Src/system_stm32f1xx.c.obj
 .debug_line    0x00001bda      0x342 CMakeFiles/SkyFCS.elf.dir/Core/Src/tim.c.obj
 .debug_line    0x00001f1c      0x341 CMakeFiles/SkyFCS.elf.dir/Core/Src/usart.c.obj
 .debug_line    0x0000225d       0xa4 CMakeFiles/SkyFCS.elf.dir/Core/Startup/startup_stm32f103c8tx.s.obj
 .debug_line    0x00002301      0x57c CMakeFiles/SkyFCS.elf.dir/Drivers/STM32F1xx_HAL_Driver/Src/stm32f1xx_hal.c.obj
 .debug_line    0x0000287d      0x666 CMakeFiles/SkyFCS.elf.dir/Drivers/STM32F1xx_HAL_Driver/Src/stm32f1xx_hal_cortex.c.obj
 .debug_line    0x00002ee3      0x60e CMakeFiles/SkyFCS.elf.dir/Drivers/STM32F1xx_HAL_Driver/Src/stm32f1xx_hal_gpio.c.obj
 .debug_line    0x000034f1      0xc4b CMakeFiles/SkyFCS.elf.dir/Drivers/STM32F1xx_HAL_Driver/Src/stm32f1xx_hal_rcc.c.obj
 .debug_line    0x0000413c     0x2645 CMakeFiles/SkyFCS.elf.dir/Drivers/STM32F1xx_HAL_Driver/Src/stm32f1xx_hal_spi.c.obj
 .debug_line    0x00006781     0x4996 CMakeFiles/SkyFCS.elf.dir/Drivers/STM32F1xx_HAL_Driver/Src/stm32f1xx_hal_tim.c.obj
 .debug_line    0x0000b117     0x1bf8 CMakeFiles/SkyFCS.elf.dir/Drivers/STM32F1xx_HAL_Driver/Src/stm32f1xx_hal_tim_ex.c.obj
 .debug_line    0x0000cd0f     0x42e5 CMakeFiles/SkyFCS.elf.dir/Drivers/STM32F1xx_HAL_Driver/Src/stm32f1xx_hal_uart.c.obj

.debug_str      0x00000000     0x41ca
 .debug_str     0x00000000      0x690 CMakeFiles/SkyFCS.elf.dir/Core/Src/ICM42688P.c.obj
                                0x73f (size before relaxing)
 .debug_str     0x00000690       0xb9 CMakeFiles/SkyFCS.elf.dir/Core/Src/gpio.c.obj
                                0x2b7 (size before relaxing)
 .debug_str     0x00000749      0x727 CMakeFiles/SkyFCS.elf.dir/Core/Src/main.c.obj
                                0xc1d (size before relaxing)
 .debug_str     0x00000e70       0x79 CMakeFiles/SkyFCS.elf.dir/Core/Src/spi.c.obj
                                0x6c5 (size before relaxing)
 .debug_str     0x00000ee9       0x78 CMakeFiles/SkyFCS.elf.dir/Core/Src/stm32f1xx_hal_msp.c.obj
                                0x259 (size before relaxing)
 .debug_str     0x00000f61       0xf8 CMakeFiles/SkyFCS.elf.dir/Core/Src/stm32f1xx_it.c.obj
                                0x74d (size before relaxing)
 .debug_str     0x00001059      0x229 CMakeFiles/SkyFCS.elf.dir/Core/Src/syscalls.c.obj
                                0x426 (size before relaxing)
 .debug_str     0x00001282       0x93 CMakeFiles/SkyFCS.elf.dir/Core/Src/sysmem.c.obj
                                0x252 (size before relaxing)
 .debug_str     0x00001315       0x9c CMakeFiles/SkyFCS.elf.dir/Core/Src/system_stm32f1xx.c.obj
                                0x28e (size before relaxing)
 .debug_str     0x000013b1      0x46b CMakeFiles/SkyFCS.elf.dir/Core/Src/tim.c.obj
                                0xb53 (size before relaxing)
 .debug_str     0x0000181c       0x6f CMakeFiles/SkyFCS.elf.dir/Core/Src/usart.c.obj
                                0x6fa (size before relaxing)
 .debug_str     0x0000188b       0x54 CMakeFiles/SkyFCS.elf.dir/Core/Startup/startup_stm32f103c8tx.s.obj
                                 0x87 (size before relaxing)
 .debug_str     0x000018df      0x313 CMakeFiles/SkyFCS.elf.dir/Drivers/STM32F1xx_HAL_Driver/Src/stm32f1xx_hal.c.obj
                                0x85e (size before relaxing)
 .debug_str     0x00001bf2      0x3bc CMakeFiles/SkyFCS.elf.dir/Drivers/STM32F1xx_HAL_Driver/Src/stm32f1xx_hal_cortex.c.obj
                                0x90d (size before relaxing)
 .debug_str     0x00001fae      0x125 CMakeFiles/SkyFCS.elf.dir/Drivers/STM32F1xx_HAL_Driver/Src/stm32f1xx_hal_gpio.c.obj
                                0x43a (size before relaxing)
 .debug_str     0x000020d3      0x212 CMakeFiles/SkyFCS.elf.dir/Drivers/STM32F1xx_HAL_Driver/Src/stm32f1xx_hal_rcc.c.obj